Archive member included to satisfy reference by file (symbol)

C:\Users\T-Gamer\Documents\LPCXpresso_8.2.0_647\workspace\Lib_CMSISv1p30_LPC17xx\Debug\libCMSISv1p30_LPC17xx.a(system_LPC17xx.o)
                              ./src/main.o (SystemCoreClock)
C:\Users\T-Gamer\Documents\LPCXpresso_8.2.0_647\workspace\Lib_EaBaseBoard\Debug\libLib_EaBaseBoard.a(oled.o)
                              ./src/main.o (oled_init)
C:\Users\T-Gamer\Documents\LPCXpresso_8.2.0_647\workspace\Lib_EaBaseBoard\Debug\libLib_EaBaseBoard.a(pca9532.o)
                              ./src/main.o (pca9532_init)
C:\Users\T-Gamer\Documents\LPCXpresso_8.2.0_647\workspace\Lib_EaBaseBoard\Debug\libLib_EaBaseBoard.a(rgb.o)
                              ./src/main.o (rgb_setLeds)
C:\Users\T-Gamer\Documents\LPCXpresso_8.2.0_647\workspace\Lib_EaBaseBoard\Debug\libLib_EaBaseBoard.a(temp.o)
                              ./src/main.o (temp_init)
C:\Users\T-Gamer\Documents\LPCXpresso_8.2.0_647\workspace\Lib_EaBaseBoard\Debug\libLib_EaBaseBoard.a(font5x7.o)
                              C:\Users\T-Gamer\Documents\LPCXpresso_8.2.0_647\workspace\Lib_EaBaseBoard\Debug\libLib_EaBaseBoard.a(oled.o) (font5x7)
C:\Users\T-Gamer\Documents\LPCXpresso_8.2.0_647\workspace\Lib_MCU\Debug\libLib_MCU.a(lpc17xx_adc.o)
                              ./src/main.o (ADC_Init)
C:\Users\T-Gamer\Documents\LPCXpresso_8.2.0_647\workspace\Lib_MCU\Debug\libLib_MCU.a(lpc17xx_clkpwr.o)
                              C:\Users\T-Gamer\Documents\LPCXpresso_8.2.0_647\workspace\Lib_MCU\Debug\libLib_MCU.a(lpc17xx_adc.o) (CLKPWR_GetPCLK)
C:\Users\T-Gamer\Documents\LPCXpresso_8.2.0_647\workspace\Lib_MCU\Debug\libLib_MCU.a(lpc17xx_gpio.o)
                              C:\Users\T-Gamer\Documents\LPCXpresso_8.2.0_647\workspace\Lib_EaBaseBoard\Debug\libLib_EaBaseBoard.a(oled.o) (GPIO_SetDir)
C:\Users\T-Gamer\Documents\LPCXpresso_8.2.0_647\workspace\Lib_MCU\Debug\libLib_MCU.a(lpc17xx_i2c.o)
                              ./src/main.o (I2C_Init)
C:\Users\T-Gamer\Documents\LPCXpresso_8.2.0_647\workspace\Lib_MCU\Debug\libLib_MCU.a(lpc17xx_pinsel.o)
                              ./src/main.o (PINSEL_ConfigPin)
C:\Users\T-Gamer\Documents\LPCXpresso_8.2.0_647\workspace\Lib_MCU\Debug\libLib_MCU.a(lpc17xx_ssp.o)
                              ./src/main.o (SSP_Init)
C:\Users\T-Gamer\Documents\LPCXpresso_8.2.0_647\workspace\Lib_MCU\Debug\libLib_MCU.a(lpc17xx_timer.o)
                              ./src/main.o (Timer0_Wait)
c:/nxp/lpcxpresso_8.2.0_647/lpcxpresso/tools/bin/../lib/gcc/arm-none-eabi/5.3.1/armv7-m\libgcc.a(_aeabi_uldivmod.o)
                              C:\Users\T-Gamer\Documents\LPCXpresso_8.2.0_647\workspace\Lib_CMSISv1p30_LPC17xx\Debug\libCMSISv1p30_LPC17xx.a(system_LPC17xx.o) (__aeabi_uldivmod)
c:/nxp/lpcxpresso_8.2.0_647/lpcxpresso/tools/bin/../lib/gcc/arm-none-eabi/5.3.1/armv7-m\libgcc.a(_udivmoddi4.o)
                              c:/nxp/lpcxpresso_8.2.0_647/lpcxpresso/tools/bin/../lib/gcc/arm-none-eabi/5.3.1/armv7-m\libgcc.a(_aeabi_uldivmod.o) (__udivmoddi4)
c:/nxp/lpcxpresso_8.2.0_647/lpcxpresso/tools/bin/../lib/gcc/arm-none-eabi/5.3.1/armv7-m\libgcc.a(_dvmd_tls.o)
                              c:/nxp/lpcxpresso_8.2.0_647/lpcxpresso/tools/bin/../lib/gcc/arm-none-eabi/5.3.1/armv7-m\libgcc.a(_aeabi_uldivmod.o) (__aeabi_ldiv0)
c:/nxp/lpcxpresso_8.2.0_647/lpcxpresso/tools/bin/../lib/gcc/arm-none-eabi/5.3.1/../../../../arm-none-eabi/lib/armv7-m\libc.a(lib_a-memset.o)
                              C:\Users\T-Gamer\Documents\LPCXpresso_8.2.0_647\workspace\Lib_EaBaseBoard\Debug\libLib_EaBaseBoard.a(oled.o) (memset)

Discarded input sections

 .group         0x00000000        0x8 ./src/cr_startup_lpc17.o
 .group         0x00000000        0x8 ./src/cr_startup_lpc17.o
 .group         0x00000000        0x8 ./src/cr_startup_lpc17.o
 .group         0x00000000        0x8 ./src/cr_startup_lpc17.o
 .group         0x00000000        0x8 ./src/cr_startup_lpc17.o
 .group         0x00000000        0x8 ./src/cr_startup_lpc17.o
 .group         0x00000000        0x8 ./src/cr_startup_lpc17.o
 .text          0x00000000        0x0 ./src/cr_startup_lpc17.o
 .data          0x00000000        0x0 ./src/cr_startup_lpc17.o
 .bss           0x00000000        0x0 ./src/cr_startup_lpc17.o
 .text.SysTick_Handler
                0x00000000        0x8 ./src/cr_startup_lpc17.o
 .group         0x00000000        0x8 ./src/main.o
 .group         0x00000000        0x8 ./src/main.o
 .group         0x00000000        0x8 ./src/main.o
 .group         0x00000000        0x8 ./src/main.o
 .group         0x00000000        0x8 ./src/main.o
 .group         0x00000000        0x8 ./src/main.o
 .group         0x00000000        0x8 ./src/main.o
 .group         0x00000000        0x8 ./src/main.o
 .group         0x00000000        0x8 ./src/main.o
 .group         0x00000000        0x8 ./src/main.o
 .group         0x00000000        0x8 ./src/main.o
 .group         0x00000000        0x8 ./src/main.o
[...]
Memory Configuration

Name             Origin             Length             Attributes
MFlash512        0x00000000         0x00080000         xr
RamLoc32         0x10000000         0x00008000         xrw
RamAHB32         0x2007c000         0x00008000         xrw
*default*        0x00000000         0xffffffff

Linker script and memory map

LOAD ./src/cr_startup_lpc17.o
LOAD ./src/main.o
LOAD C:\Users\T-Gamer\Documents\LPCXpresso_8.2.0_647\workspace\Lib_CMSISv1p30_LPC17xx\Debug\libCMSISv1p30_LPC17xx.a
LOAD C:\Users\T-Gamer\Documents\LPCXpresso_8.2.0_647\workspace\Lib_EaBaseBoard\Debug\libLib_EaBaseBoard.a
LOAD C:\Users\T-Gamer\Documents\LPCXpresso_8.2.0_647\workspace\Lib_MCU\Debug\libLib_MCU.a
START GROUP
LOAD c:/nxp/lpcxpresso_8.2.0_647/lpcxpresso/tools/bin/../lib/gcc/arm-none-eabi/5.3.1/armv7-m\libgcc.a
LOAD c:/nxp/lpcxpresso_8.2.0_647/lpcxpresso/tools/bin/../lib/gcc/arm-none-eabi/5.3.1/../../../../arm-none-eabi/lib/armv7-m\libc.a
LOAD c:/nxp/lpcxpresso_8.2.0_647/lpcxpresso/tools/bin/../lib/gcc/arm-none-eabi/5.3.1/../../../../arm-none-eabi/lib/armv7-m\libm.a
LOAD c:/nxp/lpcxpresso_8.2.0_647/lpcxpresso/tools/bin/../lib/gcc/arm-none-eabi/5.3.1/../../../../arm-none-eabi/lib/armv7-m\libcr_newlib_semihost.a
END GROUP
                0x00000000                __base_MFlash512 = 0x0
                0x00000000                __base_Flash = 0x0
                0x00080000                __top_MFlash512 = 0x80000
                0x00080000                __top_Flash = 0x80000
                0x10000000                __base_RamLoc32 = 0x10000000
                0x10000000                __base_RAM = 0x10000000
                0x10008000                __top_RamLoc32 = 0x10008000
                0x10008000                __top_RAM = 0x10008000
                0x2007c000                __base_RamAHB32 = 0x2007c000
                0x2007c000                __base_RAM2 = 0x2007c000
                0x20084000                __top_RamAHB32 = 0x20084000
                0x20084000                __top_RAM2 = 0x20084000

.text           0x00000000     0x2ac8
 FILL mask 0xff
                0x00000000                __vectors_start__ = ABSOLUTE (.)
 *(.isr_vector)
 .isr_vector    0x00000000       0xcc ./src/cr_startup_lpc17.o
                0x00000000                g_pfnVectors
                0x000000cc                . = ALIGN (0x4)
                0x000000cc                __section_table_start = .
                0x000000cc                __data_section_table = .
                0x000000cc        0x4 LONG 0x2ad0 LOADADDR (.data)
                0x000000d0        0x4 LONG 0x10000000 ADDR (.data)
                0x000000d4        0x4 LONG 0x8 SIZEOF (.data)
                0x000000d8        0x4 LONG 0x2ad0 LOADADDR (.data_RAM2)
                0x000000dc        0x4 LONG 0x2007c000 ADDR (.data_RAM2)
                0x000000e0        0x4 LONG 0x0 SIZEOF (.data_RAM2)
                0x000000e4                __data_section_table_end = .
                0x000000e4                __bss_section_table = .
                0x000000e4        0x4 LONG 0x10000008 ADDR (.bss)
                0x000000e8        0x4 LONG 0x314 SIZEOF (.bss)
                0x000000ec        0x4 LONG 0x2007c000 ADDR (.bss_RAM2)
                0x000000f0        0x4 LONG 0x0 SIZEOF (.bss_RAM2)
                0x000000f4                __bss_section_table_end = .
                0x000000f4                __section_table_end = .
 *(.after_vectors*)
 *(.text*)
 .text.ResetISR
                0x000000f4       0x58 ./src/cr_startup_lpc17.o
                0x000000f4                ResetISR
 .text.NMI_Handler
                0x0000014c        0x8 ./src/cr_startup_lpc17.o
                0x0000014c                NMI_Handler
 .text.HardFault_Handler
                0x00000154        0x8 ./src/cr_startup_lpc17.o
                0x00000154                HardFault_Handler
 .text.MemManage_Handler
                0x0000015c        0x8 ./src/cr_startup_lpc17.o
                0x0000015c                MemManage_Handler
 .text.BusFault_Handler
                0x00000164        0x8 ./src/cr_startup_lpc17.o
                0x00000164                BusFault_Handler
 .text.UsageFault_Handler
                0x0000016c        0x8 ./src/cr_startup_lpc17.o
                0x0000016c                UsageFault_Handler
 .text.SVCall_Handler
                0x00000174        0x8 ./src/cr_startup_lpc17.o
                0x00000174                SVCall_Handler
 .text.DebugMon_Handler
                0x0000017c        0x8 ./src/cr_startup_lpc17.o
                0x0000017c                DebugMon_Handler
 .text.PendSV_Handler
                0x00000184        0x8 ./src/cr_startup_lpc17.o
                0x00000184                PendSV_Handler
 .text.IntDefaultHandler
                0x0000018c        0x8 ./src/cr_startup_lpc17.o
                0x0000018c                TIMER2_IRQHandler
                0x0000018c                RIT_IRQHandler
                0x0000018c                I2C0_IRQHandler
                0x0000018c                USBActivity_IRQHandler
                0x0000018c                PWM1_IRQHandler
                0x0000018c                I2C1_IRQHandler
                0x0000018c                EINT2_IRQHandler
                0x0000018c                UART1_IRQHandler
                0x0000018c                EINT3_IRQHandler
                0x0000018c                CANActivity_IRQHandler
                0x0000018c                TIMER3_IRQHandler
                0x0000018c                UART0_IRQHandler
                0x0000018c                IntDefaultHandler
                0x0000018c                PLL0_IRQHandler
                0x0000018c                CAN_IRQHandler
                0x0000018c                PLL1_IRQHandler
                0x0000018c                SSP0_IRQHandler
                0x0000018c                I2S_IRQHandler
                0x0000018c                I2C2_IRQHandler
                0x0000018c                RTC_IRQHandler
                0x0000018c                TIMER0_IRQHandler
                0x0000018c                SPI_IRQHandler
                0x0000018c                EINT1_IRQHandler
                0x0000018c                TIMER1_IRQHandler
                0x0000018c                UART2_IRQHandler
                0x0000018c                ADC_IRQHandler
                0x0000018c                SSP1_IRQHandler
                0x0000018c                USB_IRQHandler
                0x0000018c                BOD_IRQHandler
                0x0000018c                WDT_IRQHandler
                0x0000018c                QEI_IRQHandler
                0x0000018c                EINT0_IRQHandler
                0x0000018c                DMA_IRQHandler
                0x0000018c                UART3_IRQHandler
                0x0000018c                MCPWM_IRQHandler
                0x0000018c                ENET_IRQHandler
 .text.NVIC_SetPriority
                0x00000194       0x54 ./src/main.o
 .text.SysTick_Config
                0x000001e8       0x44 ./src/main.o
 .text.intToString
                0x0000022c       0xc8 ./src/main.o
 .text.SysTick_Handler
                0x000002f4       0x1c ./src/main.o
                0x000002f4                SysTick_Handler
 .text.getTicks
                0x00000310       0x14 ./src/main.o
 .text.init_ssp
                0x00000324       0x78 ./src/main.o
 .text.init_i2c
                0x0000039c       0x48 ./src/main.o
 .text.init_adc
                0x000003e4       0x50 ./src/main.o
 .text.main     0x00000434       0xe0 ./src/main.o
                0x00000434                main
 .text.check_failed
                0x00000514        0xc ./src/main.o
                0x00000514                check_failed
 .text.SystemInit
                0x00000520      0x140 C:\Users\T-Gamer\Documents\LPCXpresso_8.2.0_647\workspace\Lib_CMSISv1p30_LPC17xx\Debug\libCMSISv1p30_LPC17xx.a(system_LPC17xx.o)
                0x00000520                SystemInit
 .text.writeCommand
                0x00000660       0x48 C:\Users\T-Gamer\Documents\LPCXpresso_8.2.0_647\workspace\Lib_EaBaseBoard\Debug\libLib_EaBaseBoard.a(oled.o)
 .text.writeData
                0x000006a8       0x48 C:\Users\T-Gamer\Documents\LPCXpresso_8.2.0_647\workspace\Lib_EaBaseBoard\Debug\libLib_EaBaseBoard.a(oled.o)
 .text.writeDataLen
                0x000006f0       0x78 C:\Users\T-Gamer\Documents\LPCXpresso_8.2.0_647\workspace\Lib_EaBaseBoard\Debug\libLib_EaBaseBoard.a(oled.o)
 .text.runInitSequence
                0x00000768       0xd4 C:\Users\T-Gamer\Documents\LPCXpresso_8.2.0_647\workspace\Lib_EaBaseBoard\Debug\libLib_EaBaseBoard.a(oled.o)
 .text.hLine    0x0000083c       0x58 C:\Users\T-Gamer\Documents\LPCXpresso_8.2.0_647\workspace\Lib_EaBaseBoard\Debug\libLib_EaBaseBoard.a(oled.o)
 .text.vLine    0x00000894       0x58 C:\Users\T-Gamer\Documents\LPCXpresso_8.2.0_647\workspace\Lib_EaBaseBoard\Debug\libLib_EaBaseBoard.a(oled.o)
 .text.oled_init
                0x000008ec       0x74 C:\Users\T-Gamer\Documents\LPCXpresso_8.2.0_647\workspace\Lib_EaBaseBoard\Debug\libLib_EaBaseBoard.a(oled.o)
                0x000008ec                oled_init
 .text.oled_putPixel
                0x00000960      0x150 C:\Users\T-Gamer\Documents\LPCXpresso_8.2.0_647\workspace\Lib_EaBaseBoard\Debug\libLib_EaBaseBoard.a(oled.o)
                0x00000960                oled_putPixel
 .text.oled_fillRect
                0x00000ab0       0xa0 C:\Users\T-Gamer\Documents\LPCXpresso_8.2.0_647\workspace\Lib_EaBaseBoard\Debug\libLib_EaBaseBoard.a(oled.o)
                0x00000ab0                oled_fillRect
 .text.oled_clearScreen
                0x00000b50       0x64 C:\Users\T-Gamer\Documents\LPCXpresso_8.2.0_647\workspace\Lib_EaBaseBoard\Debug\libLib_EaBaseBoard.a(oled.o)
                0x00000b50                oled_clearScreen
 .text.oled_putChar
                0x00000bb4       0xd8 C:\Users\T-Gamer\Documents\LPCXpresso_8.2.0_647\workspace\Lib_EaBaseBoard\Debug\libLib_EaBaseBoard.a(oled.o)
                0x00000bb4                oled_putChar
 .text.oled_putString
                0x00000c8c       0x54 C:\Users\T-Gamer\Documents\LPCXpresso_8.2.0_647\workspace\Lib_EaBaseBoard\Debug\libLib_EaBaseBoard.a(oled.o)
                0x00000c8c                oled_putString
 .text.pca9532_init
                0x00000ce0        0xc C:\Users\T-Gamer\Documents\LPCXpresso_8.2.0_647\workspace\Lib_EaBaseBoard\Debug\libLib_EaBaseBoard.a(pca9532.o)
                0x00000ce0                pca9532_init
 .text.rgb_setLeds
                0x00000cec       0x6c C:\Users\T-Gamer\Documents\LPCXpresso_8.2.0_647\workspace\Lib_EaBaseBoard\Debug\libLib_EaBaseBoard.a(rgb.o)
                0x00000cec                rgb_setLeds
 .text.temp_init
                0x00000d58       0x24 C:\Users\T-Gamer\Documents\LPCXpresso_8.2.0_647\workspace\Lib_EaBaseBoard\Debug\libLib_EaBaseBoard.a(temp.o)
                0x00000d58                temp_init
 .text.temp_read
                0x00000d7c       0xf0 C:\Users\T-Gamer\Documents\LPCXpresso_8.2.0_647\workspace\Lib_EaBaseBoard\Debug\libLib_EaBaseBoard.a(temp.o)
                0x00000d7c                temp_read
 .text.ADC_Init
                0x00000e6c       0x90 C:\Users\T-Gamer\Documents\LPCXpresso_8.2.0_647\workspace\Lib_MCU\Debug\libLib_MCU.a(lpc17xx_adc.o)
                0x00000e6c                ADC_Init
 .text.ADC_StartCmd
                0x00000efc       0x80 C:\Users\T-Gamer\Documents\LPCXpresso_8.2.0_647\workspace\Lib_MCU\Debug\libLib_MCU.a(lpc17xx_adc.o)
                0x00000efc                ADC_StartCmd
 .text.ADC_IntConfig
                0x00000f7c       0x9c C:\Users\T-Gamer\Documents\LPCXpresso_8.2.0_647\workspace\Lib_MCU\Debug\libLib_MCU.a(lpc17xx_adc.o)
                0x00000f7c                ADC_IntConfig
 .text.ADC_ChannelCmd
                0x00001018       0x60 C:\Users\T-Gamer\Documents\LPCXpresso_8.2.0_647\workspace\Lib_MCU\Debug\libLib_MCU.a(lpc17xx_adc.o)
                0x00001018                ADC_ChannelCmd
 .text.ADC_ChannelGetStatus
                0x00001078       0x7c C:\Users\T-Gamer\Documents\LPCXpresso_8.2.0_647\workspace\Lib_MCU\Debug\libLib_MCU.a(lpc17xx_adc.o)
                0x00001078                ADC_ChannelGetStatus
 .text.CLKPWR_SetPCLKDiv
                0x000010f4       0x8c C:\Users\T-Gamer\Documents\LPCXpresso_8.2.0_647\workspace\Lib_MCU\Debug\libLib_MCU.a(lpc17xx_clkpwr.o)
                0x000010f4                CLKPWR_SetPCLKDiv
 .text.CLKPWR_GetPCLKSEL
                0x00001180       0x48 C:\Users\T-Gamer\Documents\LPCXpresso_8.2.0_647\workspace\Lib_MCU\Debug\libLib_MCU.a(lpc17xx_clkpwr.o)
                0x00001180                CLKPWR_GetPCLKSEL
 .text.CLKPWR_GetPCLK
                0x000011c8       0x64 C:\Users\T-Gamer\Documents\LPCXpresso_8.2.0_647\workspace\Lib_MCU\Debug\libLib_MCU.a(lpc17xx_clkpwr.o)
                0x000011c8                CLKPWR_GetPCLK
 .text.CLKPWR_ConfigPPWR
                0x0000122c       0x58 C:\Users\T-Gamer\Documents\LPCXpresso_8.2.0_647\workspace\Lib_MCU\Debug\libLib_MCU.a(lpc17xx_clkpwr.o)
                0x0000122c                CLKPWR_ConfigPPWR
 .text.GPIO_GetPointer
                0x00001284       0x70 C:\Users\T-Gamer\Documents\LPCXpresso_8.2.0_647\workspace\Lib_MCU\Debug\libLib_MCU.a(lpc17xx_gpio.o)
 .text.GPIO_SetDir
                0x000012f4       0x4c C:\Users\T-Gamer\Documents\LPCXpresso_8.2.0_647\workspace\Lib_MCU\Debug\libLib_MCU.a(lpc17xx_gpio.o)
                0x000012f4                GPIO_SetDir
 .text.GPIO_SetValue
                0x00001340       0x2c C:\Users\T-Gamer\Documents\LPCXpresso_8.2.0_647\workspace\Lib_MCU\Debug\libLib_MCU.a(lpc17xx_gpio.o)
                0x00001340                GPIO_SetValue
 .text.GPIO_ClearValue
                0x0000136c       0x2c C:\Users\T-Gamer\Documents\LPCXpresso_8.2.0_647\workspace\Lib_MCU\Debug\libLib_MCU.a(lpc17xx_gpio.o)
                0x0000136c                GPIO_ClearValue
 .text.GPIO_ReadValue
                0x00001398       0x2c C:\Users\T-Gamer\Documents\LPCXpresso_8.2.0_647\workspace\Lib_MCU\Debug\libLib_MCU.a(lpc17xx_gpio.o)
                0x00001398                GPIO_ReadValue
 .text.I2C_SetClock
                0x000013c4       0xa4 C:\Users\T-Gamer\Documents\LPCXpresso_8.2.0_647\workspace\Lib_MCU\Debug\libLib_MCU.a(lpc17xx_i2c.o)
 .text.I2C_Init
                0x00001468       0xa4 C:\Users\T-Gamer\Documents\LPCXpresso_8.2.0_647\workspace\Lib_MCU\Debug\libLib_MCU.a(lpc17xx_i2c.o)
                0x00001468                I2C_Init
 .text.I2C_Cmd  0x0000150c       0x70 C:\Users\T-Gamer\Documents\LPCXpresso_8.2.0_647\workspace\Lib_MCU\Debug\libLib_MCU.a(lpc17xx_i2c.o)
                0x0000150c                I2C_Cmd
 .text.set_PinFunc
                0x0000157c       0x84 C:\Users\T-Gamer\Documents\LPCXpresso_8.2.0_647\workspace\Lib_MCU\Debug\libLib_MCU.a(lpc17xx_pinsel.o)
 .text.set_ResistorMode
                0x00001600       0x84 C:\Users\T-Gamer\Documents\LPCXpresso_8.2.0_647\workspace\Lib_MCU\Debug\libLib_MCU.a(lpc17xx_pinsel.o)
 .text.set_OpenDrainMode
                0x00001684       0x6c C:\Users\T-Gamer\Documents\LPCXpresso_8.2.0_647\workspace\Lib_MCU\Debug\libLib_MCU.a(lpc17xx_pinsel.o)
 .text.PINSEL_ConfigPin
                0x000016f0       0x48 C:\Users\T-Gamer\Documents\LPCXpresso_8.2.0_647\workspace\Lib_MCU\Debug\libLib_MCU.a(lpc17xx_pinsel.o)
                0x000016f0                PINSEL_ConfigPin
 .text.setSSPclock
                0x00001738       0xc4 C:\Users\T-Gamer\Documents\LPCXpresso_8.2.0_647\workspace\Lib_MCU\Debug\libLib_MCU.a(lpc17xx_ssp.o)
 .text.SSP_Init
                0x000017fc       0x9c C:\Users\T-Gamer\Documents\LPCXpresso_8.2.0_647\workspace\Lib_MCU\Debug\libLib_MCU.a(lpc17xx_ssp.o)
                0x000017fc                SSP_Init
 .text.SSP_GetDataSize
                0x00001898       0x40 C:\Users\T-Gamer\Documents\LPCXpresso_8.2.0_647\workspace\Lib_MCU\Debug\libLib_MCU.a(lpc17xx_ssp.o)
                0x00001898                SSP_GetDataSize
 .text.SSP_ConfigStructInit
                0x000018d8       0x3c C:\Users\T-Gamer\Documents\LPCXpresso_8.2.0_647\workspace\Lib_MCU\Debug\libLib_MCU.a(lpc17xx_ssp.o)
                0x000018d8                SSP_ConfigStructInit
 .text.SSP_Cmd  0x00001914       0x6c C:\Users\T-Gamer\Documents\LPCXpresso_8.2.0_647\workspace\Lib_MCU\Debug\libLib_MCU.a(lpc17xx_ssp.o)
                0x00001914                SSP_Cmd
 .text.SSP_SendData
                0x00001980       0x40 C:\Users\T-Gamer\Documents\LPCXpresso_8.2.0_647\workspace\Lib_MCU\Debug\libLib_MCU.a(lpc17xx_ssp.o)
                0x00001980                SSP_SendData
 .text.SSP_ReceiveData
                0x000019c0       0x3c C:\Users\T-Gamer\Documents\LPCXpresso_8.2.0_647\workspace\Lib_MCU\Debug\libLib_MCU.a(lpc17xx_ssp.o)
                0x000019c0                SSP_ReceiveData
 .text.SSP_ReadWrite
                0x000019fc      0x350 C:\Users\T-Gamer\Documents\LPCXpresso_8.2.0_647\workspace\Lib_MCU\Debug\libLib_MCU.a(lpc17xx_ssp.o)
                0x000019fc                SSP_ReadWrite
 .text.getPClock
                0x00001d4c       0x58 C:\Users\T-Gamer\Documents\LPCXpresso_8.2.0_647\workspace\Lib_MCU\Debug\libLib_MCU.a(lpc17xx_timer.o)
 .text.converUSecToVal
                0x00001da4       0x58 C:\Users\T-Gamer\Documents\LPCXpresso_8.2.0_647\workspace\Lib_MCU\Debug\libLib_MCU.a(lpc17xx_timer.o)
 .text.converPtrToTimeNum
                0x00001dfc       0x5c C:\Users\T-Gamer\Documents\LPCXpresso_8.2.0_647\workspace\Lib_MCU\Debug\libLib_MCU.a(lpc17xx_timer.o)
 .text.TIM_GetIntStatus
                0x00001e58       0x98 C:\Users\T-Gamer\Documents\LPCXpresso_8.2.0_647\workspace\Lib_MCU\Debug\libLib_MCU.a(lpc17xx_timer.o)
                0x00001e58                TIM_GetIntStatus
 .text.TIM_ClearIntPending
                0x00001ef0       0x88 C:\Users\T-Gamer\Documents\LPCXpresso_8.2.0_647\workspace\Lib_MCU\Debug\libLib_MCU.a(lpc17xx_timer.o)
                0x00001ef0                TIM_ClearIntPending
 .text.TIM_Init
                0x00001f78      0x184 C:\Users\T-Gamer\Documents\LPCXpresso_8.2.0_647\workspace\Lib_MCU\Debug\libLib_MCU.a(lpc17xx_timer.o)
                0x00001f78                TIM_Init
 .text.TIM_Cmd  0x000020fc       0x70 C:\Users\T-Gamer\Documents\LPCXpresso_8.2.0_647\workspace\Lib_MCU\Debug\libLib_MCU.a(lpc17xx_timer.o)
                0x000020fc                TIM_Cmd
 .text.TIM_ConfigMatch
                0x0000216c      0x184 C:\Users\T-Gamer\Documents\LPCXpresso_8.2.0_647\workspace\Lib_MCU\Debug\libLib_MCU.a(lpc17xx_timer.o)
                0x0000216c                TIM_ConfigMatch
 .text.Timer0_Wait
                0x000022f0       0x78 C:\Users\T-Gamer\Documents\LPCXpresso_8.2.0_647\workspace\Lib_MCU\Debug\libLib_MCU.a(lpc17xx_timer.o)
                0x000022f0                Timer0_Wait
 .text          0x00002368       0x30 c:/nxp/lpcxpresso_8.2.0_647/lpcxpresso/tools/bin/../lib/gcc/arm-none-eabi/5.3.1/armv7-m\libgcc.a(_aeabi_uldivmod.o)
                0x00002368                __aeabi_uldivmod
 .text          0x00002398      0x2ec c:/nxp/lpcxpresso_8.2.0_647/lpcxpresso/tools/bin/../lib/gcc/arm-none-eabi/5.3.1/armv7-m\libgcc.a(_udivmoddi4.o)
                0x00002398                __udivmoddi4
 .text          0x00002684        0x4 c:/nxp/lpcxpresso_8.2.0_647/lpcxpresso/tools/bin/../lib/gcc/arm-none-eabi/5.3.1/armv7-m\libgcc.a(_dvmd_tls.o)
                0x00002684                __aeabi_idiv0
                0x00002684                __aeabi_ldiv0
 .text.memset   0x00002688       0x9c c:/nxp/lpcxpresso_8.2.0_647/lpcxpresso/tools/bin/../lib/gcc/arm-none-eabi/5.3.1/../../../../arm-none-eabi/lib/armv7-m\libc.a(lib_a-memset.o)
                0x00002688                memset
 *(.rodata .rodata.* .constdata .constdata.*)
 .rodata        0x00002724       0x39 ./src/main.o
 *fill*         0x0000275d        0x3 ff
 .rodata        0x00002760        0x8 C:\Users\T-Gamer\Documents\LPCXpresso_8.2.0_647\workspace\Lib_EaBaseBoard\Debug\libLib_EaBaseBoard.a(oled.o)
 .rodata        0x00002768      0x300 C:\Users\T-Gamer\Documents\LPCXpresso_8.2.0_647\workspace\Lib_EaBaseBoard\Debug\libLib_EaBaseBoard.a(font5x7.o)
                0x00002768                font5x7
 .rodata        0x00002a68       0x15 C:\Users\T-Gamer\Documents\LPCXpresso_8.2.0_647\workspace\Lib_MCU\Debug\libLib_MCU.a(lpc17xx_adc.o)
 *fill*         0x00002a7d        0x3 ff
 .rodata        0x00002a80       0x15 C:\Users\T-Gamer\Documents\LPCXpresso_8.2.0_647\workspace\Lib_MCU\Debug\libLib_MCU.a(lpc17xx_i2c.o)
 *fill*         0x00002a95        0x3 ff
 .rodata        0x00002a98       0x15 C:\Users\T-Gamer\Documents\LPCXpresso_8.2.0_647\workspace\Lib_MCU\Debug\libLib_MCU.a(lpc17xx_ssp.o)
 *fill*         0x00002aad        0x3 ff
 .rodata        0x00002ab0       0x17 C:\Users\T-Gamer\Documents\LPCXpresso_8.2.0_647\workspace\Lib_MCU\Debug\libLib_MCU.a(lpc17xx_timer.o)
                0x00002ac8                . = ALIGN (0x4)
 *fill*         0x00002ac7        0x1 ff

.glue_7         0x00002ac8        0x0
 .glue_7        0x00002ac8        0x0 linker stubs

.glue_7t        0x00002ac8        0x0
 .glue_7t       0x00002ac8        0x0 linker stubs

.vfp11_veneer   0x00002ac8        0x0
 .vfp11_veneer  0x00002ac8        0x0 linker stubs

.v4_bx          0x00002ac8        0x0
 .v4_bx         0x00002ac8        0x0 linker stubs

.iplt           0x00002ac8        0x0
 .iplt          0x00002ac8        0x0 ./src/cr_startup_lpc17.o

.ARM.extab
 *(.ARM.extab* .gnu.linkonce.armextab.*)
                0x00002ac8                __exidx_start = .

.ARM.exidx      0x00002ac8        0x8
 *(.ARM.exidx* .gnu.linkonce.armexidx.*)
 .ARM.exidx     0x00002ac8        0x8 c:/nxp/lpcxpresso_8.2.0_647/lpcxpresso/tools/bin/../lib/gcc/arm-none-eabi/5.3.1/armv7-m\libgcc.a(_udivmoddi4.o)
                0x00002ad0                __exidx_end = .
                0x00002ad0                _etext = .

.rel.dyn        0x00002ad0        0x0
 .rel.iplt      0x00002ad0        0x0 ./src/cr_startup_lpc17.o

.data_RAM2      0x2007c000        0x0 load address 0x00002ad0
 FILL mask 0xff
                [!provide]                PROVIDE (__start_data_RAM2, .)
 *(.ramfunc.$RAM2)
 *(.ramfunc.$RamAHB32)
 *(.data.$RAM2*)
 *(.data.$RamAHB32*)
                0x2007c000                . = ALIGN (0x4)
                [!provide]                PROVIDE (__end_data_RAM2, .)

.uninit_RESERVED
                0x10000000        0x0
 *(.bss.$RESERVED*)
                0x10000000                . = ALIGN (0x4)
                0x10000000                _end_uninit_RESERVED = .

.data           0x10000000        0x8 load address 0x00002ad0
 FILL mask 0xff
                0x10000000                _data = .
 *(vtable)
 *(.ramfunc*)
 *(.data*)
 .data          0x10000000        0x4 ./src/main.o
 .data          0x10000004        0x4 C:\Users\T-Gamer\Documents\LPCXpresso_8.2.0_647\workspace\Lib_CMSISv1p30_LPC17xx\Debug\libCMSISv1p30_LPC17xx.a(system_LPC17xx.o)
                0x10000004                SystemCoreClock
                0x10000008                . = ALIGN (0x4)
                0x10000008                _edata = .

.igot.plt       0x10000008        0x0 load address 0x00002ad8
 .igot.plt      0x10000008        0x0 ./src/cr_startup_lpc17.o

.bss_RAM2       0x2007c000        0x0
                [!provide]                PROVIDE (__start_bss_RAM2, .)
 *(.bss.$RAM2*)
 *(.bss.$RamAHB32*)
                0x2007c000                . = ALIGN ((. != 0x0)?0x4:0x1)
                [!provide]                PROVIDE (__end_bss_RAM2, .)

.bss            0x10000008      0x314
                0x10000008                _bss = .
 *(.bss*)
 .bss           0x10000008        0xe ./src/main.o
 *fill*         0x10000016        0x2 
 .bss           0x10000018      0x300 C:\Users\T-Gamer\Documents\LPCXpresso_8.2.0_647\workspace\Lib_EaBaseBoard\Debug\libLib_EaBaseBoard.a(oled.o)
 .bss           0x10000318        0x4 C:\Users\T-Gamer\Documents\LPCXpresso_8.2.0_647\workspace\Lib_EaBaseBoard\Debug\libLib_EaBaseBoard.a(temp.o)
 *(COMMON)
                0x1000031c                . = ALIGN (0x4)
                0x1000031c                _ebss = .
                [!provide]                PROVIDE (end, .)

.noinit_RAM2    0x2007c000        0x0
 *(.noinit.$RAM2*)
 *(.noinit.$RamAHB32*)
                0x2007c000                . = ALIGN (0x4)

.noinit         0x1000031c        0x0
                0x1000031c                _noinit = .
 *(.noinit*)
                0x1000031c                . = ALIGN (0x4)
                0x1000031c                _end_noinit = .
                [!provide]                PROVIDE (_pvHeapStart, DEFINED (__user_heap_base)?__user_heap_base:.)
                0x10008000                PROVIDE (_vStackTop, DEFINED (__user_stack_top)?__user_stack_top:(__top_RamLoc32 - 0x0))
                [!provide]                PROVIDE (__valid_user_code_checksum, (0x0 - ((((((_vStackTop + (ResetISR + 0x1)) + (NMI_Handler + 0x1)) + (HardFault_Handler + 0x1)) + (DEFINED (MemManage_Handler)?MemManage_Handler:0x0 + 0x1)) + (DEFINED (BusFault_Handler)?BusFault_Handler:0x0 + 0x1)) + (DEFINED (UsageFault_Handler)?UsageFault_Handler:0x0 + 0x1))))
OUTPUT(oled_periph.axf elf32-littlearm)

.debug_info     0x00000000     0x5a73
 .debug_info    0x00000000      0x1b6 ./src/cr_startup_lpc17.o
 .debug_info    0x000001b6      0xadf ./src/main.o
 .debug_info    0x00000c95      0x2e3 C:\Users\T-Gamer\Documents\LPCXpresso_8.2.0_647\workspace\Lib_CMSISv1p30_LPC17xx\Debug\libCMSISv1p30_LPC17xx.a(system_LPC17xx.o)
 .debug_info    0x00000f78      0x90b C:\Users\T-Gamer\Documents\LPCXpresso_8.2.0_647\workspace\Lib_EaBaseBoard\Debug\libLib_EaBaseBoard.a(oled.o)
 .debug_info    0x00001883      0x5d6 C:\Users\T-Gamer\Documents\LPCXpresso_8.2.0_647\workspace\Lib_EaBaseBoard\Debug\libLib_EaBaseBoard.a(pca9532.o)
 .debug_info    0x00001e59       0xcf C:\Users\T-Gamer\Documents\LPCXpresso_8.2.0_647\workspace\Lib_EaBaseBoard\Debug\libLib_EaBaseBoard.a(rgb.o)
 .debug_info    0x00001f28      0x13e C:\Users\T-Gamer\Documents\LPCXpresso_8.2.0_647\workspace\Lib_EaBaseBoard\Debug\libLib_EaBaseBoard.a(temp.o)
 .debug_info    0x00002066       0x61 C:\Users\T-Gamer\Documents\LPCXpresso_8.2.0_647\workspace\Lib_EaBaseBoard\Debug\libLib_EaBaseBoard.a(font5x7.o)
 .debug_info    0x000020c7      0x5da C:\Users\T-Gamer\Documents\LPCXpresso_8.2.0_647\workspace\Lib_MCU\Debug\libLib_MCU.a(lpc17xx_adc.o)
 .debug_info    0x000026a1      0x5a5 C:\Users\T-Gamer\Documents\LPCXpresso_8.2.0_647\workspace\Lib_MCU\Debug\libLib_MCU.a(lpc17xx_clkpwr.o)
 .debug_info    0x00002c46      0xd22 C:\Users\T-Gamer\Documents\LPCXpresso_8.2.0_647\workspace\Lib_MCU\Debug\libLib_MCU.a(lpc17xx_gpio.o)
 .debug_info    0x00003968      0xcf2 C:\Users\T-Gamer\Documents\LPCXpresso_8.2.0_647\workspace\Lib_MCU\Debug\libLib_MCU.a(lpc17xx_i2c.o)
 .debug_info    0x0000465a      0x44e C:\Users\T-Gamer\Documents\LPCXpresso_8.2.0_647\workspace\Lib_MCU\Debug\libLib_MCU.a(lpc17xx_pinsel.o)
 .debug_info    0x00004aa8      0x711 C:\Users\T-Gamer\Documents\LPCXpresso_8.2.0_647\workspace\Lib_MCU\Debug\libLib_MCU.a(lpc17xx_ssp.o)
 .debug_info    0x000051b9      0x8ba C:\Users\T-Gamer\Documents\LPCXpresso_8.2.0_647\workspace\Lib_MCU\Debug\libLib_MCU.a(lpc17xx_timer.o)

.debug_abbrev   0x00000000     0x1617
 .debug_abbrev  0x00000000       0xb9 ./src/cr_startup_lpc17.o
 .debug_abbrev  0x000000b9      0x277 ./src/main.o
 .debug_abbrev  0x00000330       0xe6 C:\Users\T-Gamer\Documents\LPCXpresso_8.2.0_647\workspace\Lib_CMSISv1p30_LPC17xx\Debug\libCMSISv1p30_LPC17xx.a(system_LPC17xx.o)
 .debug_abbrev  0x00000416      0x1ed C:\Users\T-Gamer\Documents\LPCXpresso_8.2.0_647\workspace\Lib_EaBaseBoard\Debug\libLib_EaBaseBoard.a(oled.o)
 .debug_abbrev  0x00000603      0x1d7 C:\Users\T-Gamer\Documents\LPCXpresso_8.2.0_647\workspace\Lib_EaBaseBoard\Debug\libLib_EaBaseBoard.a(pca9532.o)
 .debug_abbrev  0x000007da       0x93 C:\Users\T-Gamer\Documents\LPCXpresso_8.2.0_647\workspace\Lib_EaBaseBoard\Debug\libLib_EaBaseBoard.a(rgb.o)
 .debug_abbrev  0x0000086d       0xc7 C:\Users\T-Gamer\Documents\LPCXpresso_8.2.0_647\workspace\Lib_EaBaseBoard\Debug\libLib_EaBaseBoard.a(temp.o)
 .debug_abbrev  0x00000934       0x48 C:\Users\T-Gamer\Documents\LPCXpresso_8.2.0_647\workspace\Lib_EaBaseBoard\Debug\libLib_EaBaseBoard.a(font5x7.o)
 .debug_abbrev  0x0000097c      0x165 C:\Users\T-Gamer\Documents\LPCXpresso_8.2.0_647\workspace\Lib_MCU\Debug\libLib_MCU.a(lpc17xx_adc.o)
 .debug_abbrev  0x00000ae1      0x1be C:\Users\T-Gamer\Documents\LPCXpresso_8.2.0_647\workspace\Lib_MCU\Debug\libLib_MCU.a(lpc17xx_clkpwr.o)
 .debug_abbrev  0x00000c9f      0x204 C:\Users\T-Gamer\Documents\LPCXpresso_8.2.0_647\workspace\Lib_MCU\Debug\libLib_MCU.a(lpc17xx_gpio.o)
 .debug_abbrev  0x00000ea3      0x26e C:\Users\T-Gamer\Documents\LPCXpresso_8.2.0_647\workspace\Lib_MCU\Debug\libLib_MCU.a(lpc17xx_i2c.o)
 .debug_abbrev  0x00001111      0x143 C:\Users\T-Gamer\Documents\LPCXpresso_8.2.0_647\workspace\Lib_MCU\Debug\libLib_MCU.a(lpc17xx_pinsel.o)
 .debug_abbrev  0x00001254      0x1c9 C:\Users\T-Gamer\Documents\LPCXpresso_8.2.0_647\workspace\Lib_MCU\Debug\libLib_MCU.a(lpc17xx_ssp.o)
 .debug_abbrev  0x0000141d      0x1fa C:\Users\T-Gamer\Documents\LPCXpresso_8.2.0_647\workspace\Lib_MCU\Debug\libLib_MCU.a(lpc17xx_timer.o)

.debug_aranges  0x00000000      0x6b8
 .debug_aranges
                0x00000000       0x70 ./src/cr_startup_lpc17.o
 .debug_aranges
                0x00000070       0x68 ./src/main.o
 .debug_aranges
                0x000000d8       0x28 C:\Users\T-Gamer\Documents\LPCXpresso_8.2.0_647\workspace\Lib_CMSISv1p30_LPC17xx\Debug\libCMSISv1p30_LPC17xx.a(system_LPC17xx.o)
 .debug_aranges
                0x00000100       0x90 C:\Users\T-Gamer\Documents\LPCXpresso_8.2.0_647\workspace\Lib_EaBaseBoard\Debug\libLib_EaBaseBoard.a(oled.o)
 .debug_aranges
                0x00000190       0x80 C:\Users\T-Gamer\Documents\LPCXpresso_8.2.0_647\workspace\Lib_EaBaseBoard\Debug\libLib_EaBaseBoard.a(pca9532.o)
 .debug_aranges
                0x00000210       0x28 C:\Users\T-Gamer\Documents\LPCXpresso_8.2.0_647\workspace\Lib_EaBaseBoard\Debug\libLib_EaBaseBoard.a(rgb.o)
 .debug_aranges
                0x00000238       0x28 C:\Users\T-Gamer\Documents\LPCXpresso_8.2.0_647\workspace\Lib_EaBaseBoard\Debug\libLib_EaBaseBoard.a(temp.o)
 .debug_aranges
                0x00000260       0x18 C:\Users\T-Gamer\Documents\LPCXpresso_8.2.0_647\workspace\Lib_EaBaseBoard\Debug\libLib_EaBaseBoard.a(font5x7.o)
 .debug_aranges
                0x00000278       0x80 C:\Users\T-Gamer\Documents\LPCXpresso_8.2.0_647\workspace\Lib_MCU\Debug\libLib_MCU.a(lpc17xx_adc.o)
 .debug_aranges
                0x000002f8       0x60 C:\Users\T-Gamer\Documents\LPCXpresso_8.2.0_647\workspace\Lib_MCU\Debug\libLib_MCU.a(lpc17xx_clkpwr.o)
 .debug_aranges
                0x00000358       0xf8 C:\Users\T-Gamer\Documents\LPCXpresso_8.2.0_647\workspace\Lib_MCU\Debug\libLib_MCU.a(lpc17xx_gpio.o)
 .debug_aranges
                0x00000450       0xd0 C:\Users\T-Gamer\Documents\LPCXpresso_8.2.0_647\workspace\Lib_MCU\Debug\libLib_MCU.a(lpc17xx_i2c.o)
 .debug_aranges
                0x00000520       0x48 C:\Users\T-Gamer\Documents\LPCXpresso_8.2.0_647\workspace\Lib_MCU\Debug\libLib_MCU.a(lpc17xx_pinsel.o)
 .debug_aranges
                0x00000568       0xa8 C:\Users\T-Gamer\Documents\LPCXpresso_8.2.0_647\workspace\Lib_MCU\Debug\libLib_MCU.a(lpc17xx_ssp.o)
 .debug_aranges
                0x00000610       0xa8 C:\Users\T-Gamer\Documents\LPCXpresso_8.2.0_647\workspace\Lib_MCU\Debug\libLib_MCU.a(lpc17xx_timer.o)

.debug_ranges   0x00000000      0x5c0
 .debug_ranges  0x00000000       0x60 ./src/cr_startup_lpc17.o
 .debug_ranges  0x00000060       0x58 ./src/main.o
 .debug_ranges  0x000000b8       0x18 C:\Users\T-Gamer\Documents\LPCXpresso_8.2.0_647\workspace\Lib_CMSISv1p30_LPC17xx\Debug\libCMSISv1p30_LPC17xx.a(system_LPC17xx.o)
 .debug_ranges  0x000000d0       0x80 C:\Users\T-Gamer\Documents\LPCXpresso_8.2.0_647\workspace\Lib_EaBaseBoard\Debug\libLib_EaBaseBoard.a(oled.o)
 .debug_ranges  0x00000150       0x70 C:\Users\T-Gamer\Documents\LPCXpresso_8.2.0_647\workspace\Lib_EaBaseBoard\Debug\libLib_EaBaseBoard.a(pca9532.o)
 .debug_ranges  0x000001c0       0x18 C:\Users\T-Gamer\Documents\LPCXpresso_8.2.0_647\workspace\Lib_EaBaseBoard\Debug\libLib_EaBaseBoard.a(rgb.o)
 .debug_ranges  0x000001d8       0x18 C:\Users\T-Gamer\Documents\LPCXpresso_8.2.0_647\workspace\Lib_EaBaseBoard\Debug\libLib_EaBaseBoard.a(temp.o)
 .debug_ranges  0x000001f0       0x70 C:\Users\T-Gamer\Documents\LPCXpresso_8.2.0_647\workspace\Lib_MCU\Debug\libLib_MCU.a(lpc17xx_adc.o)
 .debug_ranges  0x00000260       0x50 C:\Users\T-Gamer\Documents\LPCXpresso_8.2.0_647\workspace\Lib_MCU\Debug\libLib_MCU.a(lpc17xx_clkpwr.o)
 .debug_ranges  0x000002b0       0xe8 C:\Users\T-Gamer\Documents\LPCXpresso_8.2.0_647\workspace\Lib_MCU\Debug\libLib_MCU.a(lpc17xx_gpio.o)
 .debug_ranges  0x00000398       0xc0 C:\Users\T-Gamer\Documents\LPCXpresso_8.2.0_647\workspace\Lib_MCU\Debug\libLib_MCU.a(lpc17xx_i2c.o)
 .debug_ranges  0x00000458       0x38 C:\Users\T-Gamer\Documents\LPCXpresso_8.2.0_647\workspace\Lib_MCU\Debug\libLib_MCU.a(lpc17xx_pinsel.o)
 .debug_ranges  0x00000490       0x98 C:\Users\T-Gamer\Documents\LPCXpresso_8.2.0_647\workspace\Lib_MCU\Debug\libLib_MCU.a(lpc17xx_ssp.o)
 .debug_ranges  0x00000528       0x98 C:\Users\T-Gamer\Documents\LPCXpresso_8.2.0_647\workspace\Lib_MCU\Debug\libLib_MCU.a(lpc17xx_timer.o)

.debug_macro    0x00000000     0x5586
 .debug_macro   0x00000000       0x79 ./src/cr_startup_lpc17.o
 .debug_macro   0x00000079      0x886 ./src/cr_startup_lpc17.o
 .debug_macro   0x000008ff       0x22 ./src/cr_startup_lpc17.o
 .debug_macro   0x00000921       0x87 ./src/cr_startup_lpc17.o
 .debug_macro   0x000009a8       0x44 ./src/cr_startup_lpc17.o
 .debug_macro   0x000009ec       0xfd ./src/cr_startup_lpc17.o
 .debug_macro   0x00000ae9       0x22 ./src/cr_startup_lpc17.o
 .debug_macro   0x00000b0b      0x1df ./src/cr_startup_lpc17.o
 .debug_macro   0x00000cea       0xea ./src/main.o
 .debug_macro   0x00000dd4       0x1c ./src/main.o
 .debug_macro   0x00000df0       0x22 ./src/main.o
 .debug_macro   0x00000e12      0x7b7 ./src/main.o
 .debug_macro   0x000015c9      0x2c7 ./src/main.o
 .debug_macro   0x00001890       0x64 ./src/main.o
 .debug_macro   0x000018f4      0x140 ./src/main.o
 .debug_macro   0x00001a34      0x192 ./src/main.o
 .debug_macro   0x00001bc6       0x46 ./src/main.o
 .debug_macro   0x00001c0c      0x2a6 ./src/main.o
 .debug_macro   0x00001eb2       0xee ./src/main.o
 .debug_macro   0x00001fa0       0xed ./src/main.o
 .debug_macro   0x0000208d       0x1c ./src/main.o
 .debug_macro   0x000020a9       0x16 ./src/main.o
 .debug_macro   0x000020bf      0x113 C:\Users\T-Gamer\Documents\LPCXpresso_8.2.0_647\workspace\Lib_CMSISv1p30_LPC17xx\Debug\libCMSISv1p30_LPC17xx.a(system_LPC17xx.o)
 .debug_macro   0x000021d2      0x880 C:\Users\T-Gamer\Documents\LPCXpresso_8.2.0_647\workspace\Lib_CMSISv1p30_LPC17xx\Debug\libCMSISv1p30_LPC17xx.a(system_LPC17xx.o)
 .debug_macro   0x00002a52       0x10 C:\Users\T-Gamer\Documents\LPCXpresso_8.2.0_647\workspace\Lib_CMSISv1p30_LPC17xx\Debug\libCMSISv1p30_LPC17xx.a(system_LPC17xx.o)
 .debug_macro   0x00002a62      0x12d C:\Users\T-Gamer\Documents\LPCXpresso_8.2.0_647\workspace\Lib_CMSISv1p30_LPC17xx\Debug\libCMSISv1p30_LPC17xx.a(system_LPC17xx.o)
 .debug_macro   0x00002b8f      0x5b2 C:\Users\T-Gamer\Documents\LPCXpresso_8.2.0_647\workspace\Lib_CMSISv1p30_LPC17xx\Debug\libCMSISv1p30_LPC17xx.a(system_LPC17xx.o)
 .debug_macro   0x00003141      0x7d5 C:\Users\T-Gamer\Documents\LPCXpresso_8.2.0_647\workspace\Lib_CMSISv1p30_LPC17xx\Debug\libCMSISv1p30_LPC17xx.a(system_LPC17xx.o)
 .debug_macro   0x00003916       0xdd C:\Users\T-Gamer\Documents\LPCXpresso_8.2.0_647\workspace\Lib_EaBaseBoard\Debug\libLib_EaBaseBoard.a(oled.o)
 .debug_macro   0x000039f3       0x5d C:\Users\T-Gamer\Documents\LPCXpresso_8.2.0_647\workspace\Lib_EaBaseBoard\Debug\libLib_EaBaseBoard.a(oled.o)
 .debug_macro   0x00003a50       0x40 C:\Users\T-Gamer\Documents\LPCXpresso_8.2.0_647\workspace\Lib_EaBaseBoard\Debug\libLib_EaBaseBoard.a(oled.o)
 .debug_macro   0x00003a90       0xa1 C:\Users\T-Gamer\Documents\LPCXpresso_8.2.0_647\workspace\Lib_EaBaseBoard\Debug\libLib_EaBaseBoard.a(pca9532.o)
 .debug_macro   0x00003b31      0x18c C:\Users\T-Gamer\Documents\LPCXpresso_8.2.0_647\workspace\Lib_EaBaseBoard\Debug\libLib_EaBaseBoard.a(pca9532.o)
 .debug_macro   0x00003cbd       0xb2 C:\Users\T-Gamer\Documents\LPCXpresso_8.2.0_647\workspace\Lib_EaBaseBoard\Debug\libLib_EaBaseBoard.a(pca9532.o)
 .debug_macro   0x00003d6f       0x83 C:\Users\T-Gamer\Documents\LPCXpresso_8.2.0_647\workspace\Lib_EaBaseBoard\Debug\libLib_EaBaseBoard.a(rgb.o)
 .debug_macro   0x00003df2       0xae C:\Users\T-Gamer\Documents\LPCXpresso_8.2.0_647\workspace\Lib_EaBaseBoard\Debug\libLib_EaBaseBoard.a(temp.o)
 .debug_macro   0x00003ea0       0x1a C:\Users\T-Gamer\Documents\LPCXpresso_8.2.0_647\workspace\Lib_EaBaseBoard\Debug\libLib_EaBaseBoard.a(font5x7.o)
 .debug_macro   0x00003eba      0x696 C:\Users\T-Gamer\Documents\LPCXpresso_8.2.0_647\workspace\Lib_EaBaseBoard\Debug\libLib_EaBaseBoard.a(font5x7.o)
 .debug_macro   0x00004550       0x8c C:\Users\T-Gamer\Documents\LPCXpresso_8.2.0_647\workspace\Lib_MCU\Debug\libLib_MCU.a(lpc17xx_adc.o)
 .debug_macro   0x000045dc       0xe8 C:\Users\T-Gamer\Documents\LPCXpresso_8.2.0_647\workspace\Lib_MCU\Debug\libLib_MCU.a(lpc17xx_adc.o)
 .debug_macro   0x000046c4      0x2fa C:\Users\T-Gamer\Documents\LPCXpresso_8.2.0_647\workspace\Lib_MCU\Debug\libLib_MCU.a(lpc17xx_adc.o)
 .debug_macro   0x000049be       0xda C:\Users\T-Gamer\Documents\LPCXpresso_8.2.0_647\workspace\Lib_MCU\Debug\libLib_MCU.a(lpc17xx_adc.o)
 .debug_macro   0x00004a98       0x7a C:\Users\T-Gamer\Documents\LPCXpresso_8.2.0_647\workspace\Lib_MCU\Debug\libLib_MCU.a(lpc17xx_clkpwr.o)
 .debug_macro   0x00004b12      0x2f4 C:\Users\T-Gamer\Documents\LPCXpresso_8.2.0_647\workspace\Lib_MCU\Debug\libLib_MCU.a(lpc17xx_clkpwr.o)
 .debug_macro   0x00004e06       0x83 C:\Users\T-Gamer\Documents\LPCXpresso_8.2.0_647\workspace\Lib_MCU\Debug\libLib_MCU.a(lpc17xx_gpio.o)
 .debug_macro   0x00004e89       0x95 C:\Users\T-Gamer\Documents\LPCXpresso_8.2.0_647\workspace\Lib_MCU\Debug\libLib_MCU.a(lpc17xx_i2c.o)
 .debug_macro   0x00004f1e      0x146 C:\Users\T-Gamer\Documents\LPCXpresso_8.2.0_647\workspace\Lib_MCU\Debug\libLib_MCU.a(lpc17xx_i2c.o)
 .debug_macro   0x00005064       0x7a C:\Users\T-Gamer\Documents\LPCXpresso_8.2.0_647\workspace\Lib_MCU\Debug\libLib_MCU.a(lpc17xx_pinsel.o)
 .debug_macro   0x000050de       0x8c C:\Users\T-Gamer\Documents\LPCXpresso_8.2.0_647\workspace\Lib_MCU\Debug\libLib_MCU.a(lpc17xx_ssp.o)
 .debug_macro   0x0000516a      0x2a0 C:\Users\T-Gamer\Documents\LPCXpresso_8.2.0_647\workspace\Lib_MCU\Debug\libLib_MCU.a(lpc17xx_ssp.o)
 .debug_macro   0x0000540a       0x95 C:\Users\T-Gamer\Documents\LPCXpresso_8.2.0_647\workspace\Lib_MCU\Debug\libLib_MCU.a(lpc17xx_timer.o)
 .debug_macro   0x0000549f       0xe7 C:\Users\T-Gamer\Documents\LPCXpresso_8.2.0_647\workspace\Lib_MCU\Debug\libLib_MCU.a(lpc17xx_timer.o)

.debug_line     0x00000000     0x38f3
 .debug_line    0x00000000      0x32a ./src/cr_startup_lpc17.o
 .debug_line    0x0000032a      0x4c8 ./src/main.o
 .debug_line    0x000007f2      0x205 C:\Users\T-Gamer\Documents\LPCXpresso_8.2.0_647\workspace\Lib_CMSISv1p30_LPC17xx\Debug\libCMSISv1p30_LPC17xx.a(system_LPC17xx.o)
 .debug_line    0x000009f7      0x587 C:\Users\T-Gamer\Documents\LPCXpresso_8.2.0_647\workspace\Lib_EaBaseBoard\Debug\libLib_EaBaseBoard.a(oled.o)
 .debug_line    0x00000f7e      0x39c C:\Users\T-Gamer\Documents\LPCXpresso_8.2.0_647\workspace\Lib_EaBaseBoard\Debug\libLib_EaBaseBoard.a(pca9532.o)
 .debug_line    0x0000131a      0x25a C:\Users\T-Gamer\Documents\LPCXpresso_8.2.0_647\workspace\Lib_EaBaseBoard\Debug\libLib_EaBaseBoard.a(rgb.o)
 .debug_line    0x00001574      0x281 C:\Users\T-Gamer\Documents\LPCXpresso_8.2.0_647\workspace\Lib_EaBaseBoard\Debug\libLib_EaBaseBoard.a(temp.o)
 .debug_line    0x000017f5       0x8f C:\Users\T-Gamer\Documents\LPCXpresso_8.2.0_647\workspace\Lib_EaBaseBoard\Debug\libLib_EaBaseBoard.a(font5x7.o)
 .debug_line    0x00001884      0x407 C:\Users\T-Gamer\Documents\LPCXpresso_8.2.0_647\workspace\Lib_MCU\Debug\libLib_MCU.a(lpc17xx_adc.o)
 .debug_line    0x00001c8b      0x2ce C:\Users\T-Gamer\Documents\LPCXpresso_8.2.0_647\workspace\Lib_MCU\Debug\libLib_MCU.a(lpc17xx_clkpwr.o)
 .debug_line    0x00001f59      0x4d9 C:\Users\T-Gamer\Documents\LPCXpresso_8.2.0_647\workspace\Lib_MCU\Debug\libLib_MCU.a(lpc17xx_gpio.o)
 .debug_line    0x00002432      0x6f3 C:\Users\T-Gamer\Documents\LPCXpresso_8.2.0_647\workspace\Lib_MCU\Debug\libLib_MCU.a(lpc17xx_i2c.o)
 .debug_line    0x00002b25      0x26d C:\Users\T-Gamer\Documents\LPCXpresso_8.2.0_647\workspace\Lib_MCU\Debug\libLib_MCU.a(lpc17xx_pinsel.o)
 .debug_line    0x00002d92      0x583 C:\Users\T-Gamer\Documents\LPCXpresso_8.2.0_647\workspace\Lib_MCU\Debug\libLib_MCU.a(lpc17xx_ssp.o)
 .debug_line    0x00003315      0x5de C:\Users\T-Gamer\Documents\LPCXpresso_8.2.0_647\workspace\Lib_MCU\Debug\libLib_MCU.a(lpc17xx_timer.o)

.debug_str      0x00000000    0x101f1
 .debug_str     0x00000000     0x32b2 ./src/cr_startup_lpc17.o
                               0x3413 (size before relaxing)
 .debug_str     0x000032b2     0x76b6 ./src/main.o
                               0xa9d5 (size before relaxing)
 .debug_str     0x0000a968     0x1b26 C:\Users\T-Gamer\Documents\LPCXpresso_8.2.0_647\workspace\Lib_CMSISv1p30_LPC17xx\Debug\libCMSISv1p30_LPC17xx.a(system_LPC17xx.o)
                               0x7ff7 (size before relaxing)
 .debug_str     0x0000c48e      0x3f4 C:\Users\T-Gamer\Documents\LPCXpresso_8.2.0_647\workspace\Lib_EaBaseBoard\Debug\libLib_EaBaseBoard.a(oled.o)
                               0x9c6a (size before relaxing)
 .debug_str     0x0000c882      0x437 C:\Users\T-Gamer\Documents\LPCXpresso_8.2.0_647\workspace\Lib_EaBaseBoard\Debug\libLib_EaBaseBoard.a(pca9532.o)
                               0x8aec (size before relaxing)
 .debug_str     0x0000ccb9       0x22 C:\Users\T-Gamer\Documents\LPCXpresso_8.2.0_647\workspace\Lib_EaBaseBoard\Debug\libLib_EaBaseBoard.a(rgb.o)
                               0x7ff9 (size before relaxing)
 .debug_str     0x0000ccdb       0xee C:\Users\T-Gamer\Documents\LPCXpresso_8.2.0_647\workspace\Lib_EaBaseBoard\Debug\libLib_EaBaseBoard.a(temp.o)
                               0x80ae (size before relaxing)
 .debug_str     0x0000cdc9      0xe21 C:\Users\T-Gamer\Documents\LPCXpresso_8.2.0_647\workspace\Lib_EaBaseBoard\Debug\libLib_EaBaseBoard.a(font5x7.o)
                               0x32d4 (size before relaxing)
 .debug_str     0x0000dbea     0x15a0 C:\Users\T-Gamer\Documents\LPCXpresso_8.2.0_647\workspace\Lib_MCU\Debug\libLib_MCU.a(lpc17xx_adc.o)
                               0x9bbd (size before relaxing)
 .debug_str     0x0000f18a       0xcb C:\Users\T-Gamer\Documents\LPCXpresso_8.2.0_647\workspace\Lib_MCU\Debug\libLib_MCU.a(lpc17xx_clkpwr.o)
                               0x91eb (size before relaxing)
 .debug_str     0x0000f255      0x424 C:\Users\T-Gamer\Documents\LPCXpresso_8.2.0_647\workspace\Lib_MCU\Debug\libLib_MCU.a(lpc17xx_gpio.o)
                               0x8555 (size before relaxing)
 .debug_str     0x0000f679      0x351 C:\Users\T-Gamer\Documents\LPCXpresso_8.2.0_647\workspace\Lib_MCU\Debug\libLib_MCU.a(lpc17xx_i2c.o)
                               0xa523 (size before relaxing)
 .debug_str     0x0000f9ca      0x202 C:\Users\T-Gamer\Documents\LPCXpresso_8.2.0_647\workspace\Lib_MCU\Debug\libLib_MCU.a(lpc17xx_pinsel.o)
                               0x847c (size before relaxing)
 .debug_str     0x0000fbcc      0x1c5 C:\Users\T-Gamer\Documents\LPCXpresso_8.2.0_647\workspace\Lib_MCU\Debug\libLib_MCU.a(lpc17xx_ssp.o)
                               0xa3dc (size before relaxing)
 .debug_str     0x0000fd91      0x460 C:\Users\T-Gamer\Documents\LPCXpresso_8.2.0_647\workspace\Lib_MCU\Debug\libLib_MCU.a(lpc17xx_timer.o)
                               0xa1f5 (size before relaxing)

.comment        0x00000000       0x6e
 .comment       0x00000000       0x6e ./src/cr_startup_lpc17.o
                                 0x6f (size before relaxing)
 .comment       0x0000006e       0x6f ./src/main.o
 .comment       0x0000006e       0x6f C:\Users\T-Gamer\Documents\LPCXpresso_8.2.0_647\workspace\Lib_CMSISv1p30_LPC17xx\Debug\libCMSISv1p30_LPC17xx.a(system_LPC17xx.o)
 .comment       0x0000006e       0x6f C:\Users\T-Gamer\Documents\LPCXpresso_8.2.0_647\workspace\Lib_EaBaseBoard\Debug\libLib_EaBaseBoard.a(oled.o)
 .comment       0x0000006e       0x6f C:\Users\T-Gamer\Documents\LPCXpresso_8.2.0_647\workspace\Lib_EaBaseBoard\Debug\libLib_EaBaseBoard.a(pca9532.o)
 .comment       0x0000006e       0x6f C:\Users\T-Gamer\Documents\LPCXpresso_8.2.0_647\workspace\Lib_EaBaseBoard\Debug\libLib_EaBaseBoard.a(rgb.o)
 .comment       0x0000006e       0x6f C:\Users\T-Gamer\Documents\LPCXpresso_8.2.0_647\workspace\Lib_EaBaseBoard\Debug\libLib_EaBaseBoard.a(temp.o)
 .comment       0x0000006e       0x6f C:\Users\T-Gamer\Documents\LPCXpresso_8.2.0_647\workspace\Lib_EaBaseBoard\Debug\libLib_EaBaseBoard.a(font5x7.o)
 .comment       0x0000006e       0x6f C:\Users\T-Gamer\Documents\LPCXpresso_8.2.0_647\workspace\Lib_MCU\Debug\libLib_MCU.a(lpc17xx_adc.o)
 .comment       0x0000006e       0x6f C:\Users\T-Gamer\Documents\LPCXpresso_8.2.0_647\workspace\Lib_MCU\Debug\libLib_MCU.a(lpc17xx_clkpwr.o)
 .comment       0x0000006e       0x6f C:\Users\T-Gamer\Documents\LPCXpresso_8.2.0_647\workspace\Lib_MCU\Debug\libLib_MCU.a(lpc17xx_gpio.o)
 .comment       0x0000006e       0x6f C:\Users\T-Gamer\Documents\LPCXpresso_8.2.0_647\workspace\Lib_MCU\Debug\libLib_MCU.a(lpc17xx_i2c.o)
 .comment       0x0000006e       0x6f C:\Users\T-Gamer\Documents\LPCXpresso_8.2.0_647\workspace\Lib_MCU\Debug\libLib_MCU.a(lpc17xx_pinsel.o)
 .comment       0x0000006e       0x6f C:\Users\T-Gamer\Documents\LPCXpresso_8.2.0_647\workspace\Lib_MCU\Debug\libLib_MCU.a(lpc17xx_ssp.o)
 .comment       0x0000006e       0x6f C:\Users\T-Gamer\Documents\LPCXpresso_8.2.0_647\workspace\Lib_MCU\Debug\libLib_MCU.a(lpc17xx_timer.o)

.ARM.attributes
                0x00000000       0x33
 .ARM.attributes
                0x00000000       0x33 ./src/cr_startup_lpc17.o
 .ARM.attributes
                0x00000033       0x33 ./src/main.o
 .ARM.attributes
                0x00000066       0x33 C:\Users\T-Gamer\Documents\LPCXpresso_8.2.0_647\workspace\Lib_CMSISv1p30_LPC17xx\Debug\libCMSISv1p30_LPC17xx.a(system_LPC17xx.o)
 .ARM.attributes
                0x00000099       0x33 C:\Users\T-Gamer\Documents\LPCXpresso_8.2.0_647\workspace\Lib_EaBaseBoard\Debug\libLib_EaBaseBoard.a(oled.o)
 .ARM.attributes
                0x000000cc       0x33 C:\Users\T-Gamer\Documents\LPCXpresso_8.2.0_647\workspace\Lib_EaBaseBoard\Debug\libLib_EaBaseBoard.a(pca9532.o)
 .ARM.attributes
                0x000000ff       0x33 C:\Users\T-Gamer\Documents\LPCXpresso_8.2.0_647\workspace\Lib_EaBaseBoard\Debug\libLib_EaBaseBoard.a(rgb.o)
 .ARM.attributes
                0x00000132       0x33 C:\Users\T-Gamer\Documents\LPCXpresso_8.2.0_647\workspace\Lib_EaBaseBoard\Debug\libLib_EaBaseBoard.a(temp.o)
 .ARM.attributes
                0x00000165       0x33 C:\Users\T-Gamer\Documents\LPCXpresso_8.2.0_647\workspace\Lib_EaBaseBoard\Debug\libLib_EaBaseBoard.a(font5x7.o)
 .ARM.attributes
                0x00000198       0x33 C:\Users\T-Gamer\Documents\LPCXpresso_8.2.0_647\workspace\Lib_MCU\Debug\libLib_MCU.a(lpc17xx_adc.o)
 .ARM.attributes
                0x000001cb       0x33 C:\Users\T-Gamer\Documents\LPCXpresso_8.2.0_647\workspace\Lib_MCU\Debug\libLib_MCU.a(lpc17xx_clkpwr.o)
 .ARM.attributes
                0x000001fe       0x33 C:\Users\T-Gamer\Documents\LPCXpresso_8.2.0_647\workspace\Lib_MCU\Debug\libLib_MCU.a(lpc17xx_gpio.o)
 .ARM.attributes
                0x00000231       0x33 C:\Users\T-Gamer\Documents\LPCXpresso_8.2.0_647\workspace\Lib_MCU\Debug\libLib_MCU.a(lpc17xx_i2c.o)
 .ARM.attributes
                0x00000264       0x33 C:\Users\T-Gamer\Documents\LPCXpresso_8.2.0_647\workspace\Lib_MCU\Debug\libLib_MCU.a(lpc17xx_pinsel.o)
 .ARM.attributes
                0x00000297       0x33 C:\Users\T-Gamer\Documents\LPCXpresso_8.2.0_647\workspace\Lib_MCU\Debug\libLib_MCU.a(lpc17xx_ssp.o)
 .ARM.attributes
                0x000002ca       0x33 C:\Users\T-Gamer\Documents\LPCXpresso_8.2.0_647\workspace\Lib_MCU\Debug\libLib_MCU.a(lpc17xx_timer.o)
 .ARM.attributes
                0x000002fd       0x1d c:/nxp/lpcxpresso_8.2.0_647/lpcxpresso/tools/bin/../lib/gcc/arm-none-eabi/5.3.1/armv7-m\libgcc.a(_aeabi_uldivmod.o)
 .ARM.attributes
                0x0000031a       0x2d c:/nxp/lpcxpresso_8.2.0_647/lpcxpresso/tools/bin/../lib/gcc/arm-none-eabi/5.3.1/armv7-m\libgcc.a(_udivmoddi4.o)
 .ARM.attributes
                0x00000347       0x1d c:/nxp/lpcxpresso_8.2.0_647/lpcxpresso/tools/bin/../lib/gcc/arm-none-eabi/5.3.1/armv7-m\libgcc.a(_dvmd_tls.o)
 .ARM.attributes
                0x00000364       0x2d c:/nxp/lpcxpresso_8.2.0_647/lpcxpresso/tools/bin/../lib/gcc/arm-none-eabi/5.3.1/../../../../arm-none-eabi/lib/armv7-m\libc.a(lib_a-memset.o)

.debug_frame    0x00000000     0x1960
 .debug_frame   0x00000000      0x120 ./src/cr_startup_lpc17.o
 .debug_frame   0x00000120      0x170 ./src/main.o
 .debug_frame   0x00000290       0x64 C:\Users\T-Gamer\Documents\LPCXpresso_8.2.0_647\workspace\Lib_CMSISv1p30_LPC17xx\Debug\libCMSISv1p30_LPC17xx.a(system_LPC17xx.o)
 .debug_frame   0x000002f4      0x244 C:\Users\T-Gamer\Documents\LPCXpresso_8.2.0_647\workspace\Lib_EaBaseBoard\Debug\libLib_EaBaseBoard.a(oled.o)
 .debug_frame   0x00000538      0x1e8 C:\Users\T-Gamer\Documents\LPCXpresso_8.2.0_647\workspace\Lib_EaBaseBoard\Debug\libLib_EaBaseBoard.a(pca9532.o)
 .debug_frame   0x00000720       0x50 C:\Users\T-Gamer\Documents\LPCXpresso_8.2.0_647\workspace\Lib_EaBaseBoard\Debug\libLib_EaBaseBoard.a(rgb.o)
 .debug_frame   0x00000770       0x58 C:\Users\T-Gamer\Documents\LPCXpresso_8.2.0_647\workspace\Lib_EaBaseBoard\Debug\libLib_EaBaseBoard.a(temp.o)
 .debug_frame   0x000007c8      0x1e8 C:\Users\T-Gamer\Documents\LPCXpresso_8.2.0_647\workspace\Lib_MCU\Debug\libLib_MCU.a(lpc17xx_adc.o)
 .debug_frame   0x000009b0      0x13c C:\Users\T-Gamer\Documents\LPCXpresso_8.2.0_647\workspace\Lib_MCU\Debug\libLib_MCU.a(lpc17xx_clkpwr.o)
 .debug_frame   0x00000aec      0x428 C:\Users\T-Gamer\Documents\LPCXpresso_8.2.0_647\workspace\Lib_MCU\Debug\libLib_MCU.a(lpc17xx_gpio.o)
 .debug_frame   0x00000f14      0x374 C:\Users\T-Gamer\Documents\LPCXpresso_8.2.0_647\workspace\Lib_MCU\Debug\libLib_MCU.a(lpc17xx_i2c.o)
 .debug_frame   0x00001288       0xfc C:\Users\T-Gamer\Documents\LPCXpresso_8.2.0_647\workspace\Lib_MCU\Debug\libLib_MCU.a(lpc17xx_pinsel.o)
 .debug_frame   0x00001384      0x2a0 C:\Users\T-Gamer\Documents\LPCXpresso_8.2.0_647\workspace\Lib_MCU\Debug\libLib_MCU.a(lpc17xx_ssp.o)
 .debug_frame   0x00001624      0x2a4 C:\Users\T-Gamer\Documents\LPCXpresso_8.2.0_647\workspace\Lib_MCU\Debug\libLib_MCU.a(lpc17xx_timer.o)
 .debug_frame   0x000018c8       0x2c c:/nxp/lpcxpresso_8.2.0_647/lpcxpresso/tools/bin/../lib/gcc/arm-none-eabi/5.3.1/armv7-m\libgcc.a(_aeabi_uldivmod.o)
 .debug_frame   0x000018f4       0x38 c:/nxp/lpcxpresso_8.2.0_647/lpcxpresso/tools/bin/../lib/gcc/arm-none-eabi/5.3.1/armv7-m\libgcc.a(_udivmoddi4.o)
 .debug_frame   0x0000192c       0x34 c:/nxp/lpcxpresso_8.2.0_647/lpcxpresso/tools/bin/../lib/gcc/arm-none-eabi/5.3.1/../../../../arm-none-eabi/lib/armv7-m\libc.a(lib_a-memset.o)
