Archive member included to satisfy reference by file (symbol)

C:\Users\MarcosRubioJunior\Documents\LPCXpresso_8.2.2_650\workspace\Lib_EaBaseBoard\Debug\libLib_EaBaseBoard.a(oled.o)
                              ./src/main.o (oled_init)
C:\Users\MarcosRubioJunior\Documents\LPCXpresso_8.2.2_650\workspace\Lib_EaBaseBoard\Debug\libLib_EaBaseBoard.a(temp.o)
                              ./src/main.o (temp_init)
C:\Users\MarcosRubioJunior\Documents\LPCXpresso_8.2.2_650\workspace\Lib_EaBaseBoard\Debug\libLib_EaBaseBoard.a(font5x7.o)
                              C:\Users\MarcosRubioJunior\Documents\LPCXpresso_8.2.2_650\workspace\Lib_EaBaseBoard\Debug\libLib_EaBaseBoard.a(oled.o) (font5x7)
C:\Users\MarcosRubioJunior\Documents\LPCXpresso_8.2.2_650\workspace\Lib_MCU\Debug\libLib_MCU.a(lpc17xx_adc.o)
                              ./src/Sensor.o (ADC_Init)
C:\Users\MarcosRubioJunior\Documents\LPCXpresso_8.2.2_650\workspace\Lib_MCU\Debug\libLib_MCU.a(lpc17xx_clkpwr.o)
                              C:\Users\MarcosRubioJunior\Documents\LPCXpresso_8.2.2_650\workspace\Lib_MCU\Debug\libLib_MCU.a(lpc17xx_adc.o) (CLKPWR_GetPCLK)
C:\Users\MarcosRubioJunior\Documents\LPCXpresso_8.2.2_650\workspace\Lib_MCU\Debug\libLib_MCU.a(lpc17xx_gpio.o)
                              C:\Users\MarcosRubioJunior\Documents\LPCXpresso_8.2.2_650\workspace\Lib_EaBaseBoard\Debug\libLib_EaBaseBoard.a(oled.o) (GPIO_SetDir)
C:\Users\MarcosRubioJunior\Documents\LPCXpresso_8.2.2_650\workspace\Lib_MCU\Debug\libLib_MCU.a(lpc17xx_i2c.o)
                              ./src/Sensor.o (I2C_Init)
C:\Users\MarcosRubioJunior\Documents\LPCXpresso_8.2.2_650\workspace\Lib_MCU\Debug\libLib_MCU.a(lpc17xx_pinsel.o)
                              ./src/Sensor.o (PINSEL_ConfigPin)
C:\Users\MarcosRubioJunior\Documents\LPCXpresso_8.2.2_650\workspace\Lib_MCU\Debug\libLib_MCU.a(lpc17xx_ssp.o)
                              ./src/main.o (SSP_Init)
C:\Users\MarcosRubioJunior\Documents\LPCXpresso_8.2.2_650\workspace\Lib_CMSISv1p30_LPC17xx\Debug\libCMSISv1p30_LPC17xx.a(system_LPC17xx.o)
                              ./src/main.o (SystemCoreClock)
c:/nxp/lpcxpresso_8.2.2_650/lpcxpresso/tools/bin/../lib/gcc/arm-none-eabi/5.4.1/armv7-m\libgcc.a(_aeabi_uldivmod.o)
                              C:\Users\MarcosRubioJunior\Documents\LPCXpresso_8.2.2_650\workspace\Lib_CMSISv1p30_LPC17xx\Debug\libCMSISv1p30_LPC17xx.a(system_LPC17xx.o) (__aeabi_uldivmod)
c:/nxp/lpcxpresso_8.2.2_650/lpcxpresso/tools/bin/../lib/gcc/arm-none-eabi/5.4.1/armv7-m\libgcc.a(_udivmoddi4.o)
                              c:/nxp/lpcxpresso_8.2.2_650/lpcxpresso/tools/bin/../lib/gcc/arm-none-eabi/5.4.1/armv7-m\libgcc.a(_aeabi_uldivmod.o) (__udivmoddi4)
c:/nxp/lpcxpresso_8.2.2_650/lpcxpresso/tools/bin/../lib/gcc/arm-none-eabi/5.4.1/armv7-m\libgcc.a(_dvmd_tls.o)
                              c:/nxp/lpcxpresso_8.2.2_650/lpcxpresso/tools/bin/../lib/gcc/arm-none-eabi/5.4.1/armv7-m\libgcc.a(_aeabi_uldivmod.o) (__aeabi_ldiv0)
c:/nxp/lpcxpresso_8.2.2_650/lpcxpresso/tools/bin/../lib/gcc/arm-none-eabi/5.4.1/../../../../arm-none-eabi/lib/armv7-m\libc.a(lib_a-memset.o)
                              C:\Users\MarcosRubioJunior\Documents\LPCXpresso_8.2.2_650\workspace\Lib_EaBaseBoard\Debug\libLib_EaBaseBoard.a(oled.o) (memset)

Allocating common symbols
Common symbol       size              file

ClassHandler        0x8               ./src/Sensor.o

Discarded input sections

 .group         0x00000000        0x8 ./src/Sensor.o
 .group         0x00000000        0x8 ./src/Sensor.o
 .group         0x00000000        0x8 ./src/Sensor.o
 .group         0x00000000        0x8 ./src/Sensor.o
 .group         0x00000000        0x8 ./src/Sensor.o
 .group         0x00000000        0x8 ./src/Sensor.o
 .group         0x00000000        0x8 ./src/Sensor.o
 .group         0x00000000        0x8 ./src/Sensor.o
 .group         0x00000000        0x8 ./src/Sensor.o
 .group         0x00000000        0x8 ./src/Sensor.o
 .group         0x00000000        0x8 ./src/Sensor.o
 .group         0x00000000        0x8 ./src/Sensor.o
 .group         0x00000000        0x8 ./src/Sensor.o
 .group         0x00000000        0x8 ./src/Sensor.o
 .group         0x00000000        0x8 ./src/Sensor.o
 .group         0x00000000        0x8 ./src/Sensor.o
 .group         0x00000000        0x8 ./src/Sensor.o
 .text          0x00000000        0x0 ./src/Sensor.o
 .data          0x00000000        0x0 ./src/Sensor.o
 .bss           0x00000000        0x0 ./src/Sensor.o
 .group         0x00000000        0x8 ./src/cr_startup_lpc17.o
 .group         0x00000000        0x8 ./src/cr_startup_lpc17.o
 .group         0x00000000        0x8 ./src/cr_startup_lpc17.o
 .group         0x00000000        0x8 ./src/cr_startup_lpc17.o
 .group         0x00000000        0x8 ./src/cr_startup_lpc17.o
 .group         0x00000000        0x8 ./src/cr_startup_lpc17.o
 .group         0x00000000        0x8 ./src/cr_startup_lpc17.o
 .text          0x00000000        0x0 ./src/cr_startup_lpc17.o
[...]
Memory Configuration

Name             Origin             Length             Attributes
MFlash512        0x00000000         0x00080000         xr
RamLoc32         0x10000000         0x00008000         xrw
RamAHB32         0x2007c000         0x00008000         xrw
*default*        0x00000000         0xffffffff

Linker script and memory map

LOAD ./src/Sensor.o
LOAD ./src/cr_startup_lpc17.o
LOAD ./src/main.o
LOAD C:\Users\MarcosRubioJunior\Documents\LPCXpresso_8.2.2_650\workspace\Lib_EaBaseBoard\Debug\libLib_EaBaseBoard.a
LOAD C:\Users\MarcosRubioJunior\Documents\LPCXpresso_8.2.2_650\workspace\Lib_MCU\Debug\libLib_MCU.a
LOAD C:\Users\MarcosRubioJunior\Documents\LPCXpresso_8.2.2_650\workspace\Lib_CMSISv1p30_LPC17xx\Debug\libCMSISv1p30_LPC17xx.a
START GROUP
LOAD c:/nxp/lpcxpresso_8.2.2_650/lpcxpresso/tools/bin/../lib/gcc/arm-none-eabi/5.4.1/armv7-m\libgcc.a
LOAD c:/nxp/lpcxpresso_8.2.2_650/lpcxpresso/tools/bin/../lib/gcc/arm-none-eabi/5.4.1/../../../../arm-none-eabi/lib/armv7-m\libc.a
LOAD c:/nxp/lpcxpresso_8.2.2_650/lpcxpresso/tools/bin/../lib/gcc/arm-none-eabi/5.4.1/../../../../arm-none-eabi/lib/armv7-m\libm.a
LOAD c:/nxp/lpcxpresso_8.2.2_650/lpcxpresso/tools/bin/../lib/gcc/arm-none-eabi/5.4.1/../../../../arm-none-eabi/lib/armv7-m\libcr_newlib_semihost.a
END GROUP
                0x00000000                __base_MFlash512 = 0x0
                0x00000000                __base_Flash = 0x0
                0x00080000                __top_MFlash512 = 0x80000
                0x00080000                __top_Flash = 0x80000
                0x10000000                __base_RamLoc32 = 0x10000000
                0x10000000                __base_RAM = 0x10000000
                0x10008000                __top_RamLoc32 = 0x10008000
                0x10008000                __top_RAM = 0x10008000
                0x2007c000                __base_RamAHB32 = 0x2007c000
                0x2007c000                __base_RAM2 = 0x2007c000
                0x20084000                __top_RamAHB32 = 0x20084000
                0x20084000                __top_RAM2 = 0x20084000

.text           0x00000000     0x23ec
 FILL mask 0xff
                0x00000000                __vectors_start__ = ABSOLUTE (.)
 *(.isr_vector)
 .isr_vector    0x00000000       0xcc ./src/cr_startup_lpc17.o
                0x00000000                g_pfnVectors
                0x000000cc                . = ALIGN (0x4)
                0x000000cc                __section_table_start = .
                0x000000cc                __data_section_table = .
                0x000000cc        0x4 LONG 0x23ec LOADADDR (.data)
                0x000000d0        0x4 LONG 0x10000000 ADDR (.data)
                0x000000d4        0x4 LONG 0x8 SIZEOF (.data)
                0x000000d8        0x4 LONG 0x23ec LOADADDR (.data_RAM2)
                0x000000dc        0x4 LONG 0x2007c000 ADDR (.data_RAM2)
                0x000000e0        0x4 LONG 0x0 SIZEOF (.data_RAM2)
                0x000000e4                __data_section_table_end = .
                0x000000e4                __bss_section_table = .
                0x000000e4        0x4 LONG 0x10000008 ADDR (.bss)
                0x000000e8        0x4 LONG 0x334 SIZEOF (.bss)
                0x000000ec        0x4 LONG 0x2007c000 ADDR (.bss_RAM2)
                0x000000f0        0x4 LONG 0x0 SIZEOF (.bss_RAM2)
                0x000000f4                __bss_section_table_end = .
                0x000000f4                __section_table_end = .
 *(.after_vectors*)
 *(.text*)
 .text.NVIC_DisableIRQ
                0x000000f4       0x34 ./src/Sensor.o
 .text.Sensor_new
                0x00000128       0x20 ./src/Sensor.o
                0x00000128                Sensor_new
 .text.Sensor_read
                0x00000148       0x1c ./src/Sensor.o
                0x00000148                Sensor_read
 .text.Sensor_initADC
                0x00000164       0x50 ./src/Sensor.o
 .text.Sensor_initI2C
                0x000001b4       0x48 ./src/Sensor.o
 .text.ADC_IRQHandler
                0x000001fc       0x2c ./src/Sensor.o
                0x000001fc                ADC_IRQHandler
 .text.ResetISR
                0x00000228       0x58 ./src/cr_startup_lpc17.o
                0x00000228                ResetISR
 .text.NMI_Handler
                0x00000280        0x8 ./src/cr_startup_lpc17.o
                0x00000280                NMI_Handler
 .text.HardFault_Handler
                0x00000288        0x8 ./src/cr_startup_lpc17.o
                0x00000288                HardFault_Handler
 .text.MemManage_Handler
                0x00000290        0x8 ./src/cr_startup_lpc17.o
                0x00000290                MemManage_Handler
 .text.BusFault_Handler
                0x00000298        0x8 ./src/cr_startup_lpc17.o
                0x00000298                BusFault_Handler
 .text.UsageFault_Handler
                0x000002a0        0x8 ./src/cr_startup_lpc17.o
                0x000002a0                UsageFault_Handler
 .text.SVCall_Handler
                0x000002a8        0x8 ./src/cr_startup_lpc17.o
                0x000002a8                SVCall_Handler
 .text.DebugMon_Handler
                0x000002b0        0x8 ./src/cr_startup_lpc17.o
                0x000002b0                DebugMon_Handler
 .text.PendSV_Handler
                0x000002b8        0x8 ./src/cr_startup_lpc17.o
                0x000002b8                PendSV_Handler
 .text.IntDefaultHandler
                0x000002c0        0x8 ./src/cr_startup_lpc17.o
                0x000002c0                TIMER2_IRQHandler
                0x000002c0                RIT_IRQHandler
                0x000002c0                I2C0_IRQHandler
                0x000002c0                USBActivity_IRQHandler
                0x000002c0                PWM1_IRQHandler
                0x000002c0                I2C1_IRQHandler
                0x000002c0                EINT2_IRQHandler
                0x000002c0                UART1_IRQHandler
                0x000002c0                EINT3_IRQHandler
                0x000002c0                CANActivity_IRQHandler
                0x000002c0                TIMER3_IRQHandler
                0x000002c0                UART0_IRQHandler
                0x000002c0                IntDefaultHandler
                0x000002c0                PLL0_IRQHandler
                0x000002c0                CAN_IRQHandler
                0x000002c0                PLL1_IRQHandler
                0x000002c0                SSP0_IRQHandler
                0x000002c0                I2S_IRQHandler
                0x000002c0                I2C2_IRQHandler
                0x000002c0                RTC_IRQHandler
                0x000002c0                TIMER0_IRQHandler
                0x000002c0                SPI_IRQHandler
                0x000002c0                EINT1_IRQHandler
                0x000002c0                TIMER1_IRQHandler
                0x000002c0                UART2_IRQHandler
                0x000002c0                SSP1_IRQHandler
                0x000002c0                USB_IRQHandler
                0x000002c0                BOD_IRQHandler
                0x000002c0                WDT_IRQHandler
                0x000002c0                QEI_IRQHandler
                0x000002c0                EINT0_IRQHandler
                0x000002c0                DMA_IRQHandler
                0x000002c0                UART3_IRQHandler
                0x000002c0                MCPWM_IRQHandler
                0x000002c0                ENET_IRQHandler
 .text.NVIC_SetPriority
                0x000002c8       0x54 ./src/main.o
 .text.SysTick_Config
                0x0000031c       0x44 ./src/main.o
 .text.intToString
                0x00000360       0xc8 ./src/main.o
 .text.SysTick_Handler
                0x00000428       0x1c ./src/main.o
                0x00000428                SysTick_Handler
 .text.getTicks
                0x00000444       0x14 ./src/main.o
 .text.init_ssp
                0x00000458       0x78 ./src/main.o
 .text.main     0x000004d0       0x94 ./src/main.o
                0x000004d0                main
 .text.check_failed
                0x00000564        0xc ./src/main.o
                0x00000564                check_failed
 .text.writeCommand
                0x00000570       0x48 C:\Users\MarcosRubioJunior\Documents\LPCXpresso_8.2.2_650\workspace\Lib_EaBaseBoard\Debug\libLib_EaBaseBoard.a(oled.o)
 .text.writeData
                0x000005b8       0x48 C:\Users\MarcosRubioJunior\Documents\LPCXpresso_8.2.2_650\workspace\Lib_EaBaseBoard\Debug\libLib_EaBaseBoard.a(oled.o)
 .text.writeDataLen
                0x00000600       0x78 C:\Users\MarcosRubioJunior\Documents\LPCXpresso_8.2.2_650\workspace\Lib_EaBaseBoard\Debug\libLib_EaBaseBoard.a(oled.o)
 .text.runInitSequence
                0x00000678       0xd4 C:\Users\MarcosRubioJunior\Documents\LPCXpresso_8.2.2_650\workspace\Lib_EaBaseBoard\Debug\libLib_EaBaseBoard.a(oled.o)
 .text.hLine    0x0000074c       0x58 C:\Users\MarcosRubioJunior\Documents\LPCXpresso_8.2.2_650\workspace\Lib_EaBaseBoard\Debug\libLib_EaBaseBoard.a(oled.o)
 .text.vLine    0x000007a4       0x58 C:\Users\MarcosRubioJunior\Documents\LPCXpresso_8.2.2_650\workspace\Lib_EaBaseBoard\Debug\libLib_EaBaseBoard.a(oled.o)
 .text.oled_init
                0x000007fc       0x74 C:\Users\MarcosRubioJunior\Documents\LPCXpresso_8.2.2_650\workspace\Lib_EaBaseBoard\Debug\libLib_EaBaseBoard.a(oled.o)
                0x000007fc                oled_init
 .text.oled_putPixel
                0x00000870      0x150 C:\Users\MarcosRubioJunior\Documents\LPCXpresso_8.2.2_650\workspace\Lib_EaBaseBoard\Debug\libLib_EaBaseBoard.a(oled.o)
                0x00000870                oled_putPixel
 .text.oled_fillRect
                0x000009c0       0xa0 C:\Users\MarcosRubioJunior\Documents\LPCXpresso_8.2.2_650\workspace\Lib_EaBaseBoard\Debug\libLib_EaBaseBoard.a(oled.o)
                0x000009c0                oled_fillRect
 .text.oled_clearScreen
                0x00000a60       0x64 C:\Users\MarcosRubioJunior\Documents\LPCXpresso_8.2.2_650\workspace\Lib_EaBaseBoard\Debug\libLib_EaBaseBoard.a(oled.o)
                0x00000a60                oled_clearScreen
 .text.oled_putChar
                0x00000ac4       0xd8 C:\Users\MarcosRubioJunior\Documents\LPCXpresso_8.2.2_650\workspace\Lib_EaBaseBoard\Debug\libLib_EaBaseBoard.a(oled.o)
                0x00000ac4                oled_putChar
 .text.oled_putString
                0x00000b9c       0x54 C:\Users\MarcosRubioJunior\Documents\LPCXpresso_8.2.2_650\workspace\Lib_EaBaseBoard\Debug\libLib_EaBaseBoard.a(oled.o)
                0x00000b9c                oled_putString
 .text.temp_init
                0x00000bf0       0x24 C:\Users\MarcosRubioJunior\Documents\LPCXpresso_8.2.2_650\workspace\Lib_EaBaseBoard\Debug\libLib_EaBaseBoard.a(temp.o)
                0x00000bf0                temp_init
 .text.temp_read
                0x00000c14       0xf0 C:\Users\MarcosRubioJunior\Documents\LPCXpresso_8.2.2_650\workspace\Lib_EaBaseBoard\Debug\libLib_EaBaseBoard.a(temp.o)
                0x00000c14                temp_read
 .text.ADC_Init
                0x00000d04       0x78 C:\Users\MarcosRubioJunior\Documents\LPCXpresso_8.2.2_650\workspace\Lib_MCU\Debug\libLib_MCU.a(lpc17xx_adc.o)
                0x00000d04                ADC_Init
 .text.ADC_IntConfig
                0x00000d7c       0x9c C:\Users\MarcosRubioJunior\Documents\LPCXpresso_8.2.2_650\workspace\Lib_MCU\Debug\libLib_MCU.a(lpc17xx_adc.o)
                0x00000d7c                ADC_IntConfig
 .text.ADC_ChannelCmd
                0x00000e18       0x60 C:\Users\MarcosRubioJunior\Documents\LPCXpresso_8.2.2_650\workspace\Lib_MCU\Debug\libLib_MCU.a(lpc17xx_adc.o)
                0x00000e18                ADC_ChannelCmd
 .text.ADC_ChannelGetData
                0x00000e78       0x48 C:\Users\MarcosRubioJunior\Documents\LPCXpresso_8.2.2_650\workspace\Lib_MCU\Debug\libLib_MCU.a(lpc17xx_adc.o)
                0x00000e78                ADC_ChannelGetData
 .text.CLKPWR_SetPCLKDiv
                0x00000ec0       0x8c C:\Users\MarcosRubioJunior\Documents\LPCXpresso_8.2.2_650\workspace\Lib_MCU\Debug\libLib_MCU.a(lpc17xx_clkpwr.o)
                0x00000ec0                CLKPWR_SetPCLKDiv
 .text.CLKPWR_GetPCLKSEL
                0x00000f4c       0x48 C:\Users\MarcosRubioJunior\Documents\LPCXpresso_8.2.2_650\workspace\Lib_MCU\Debug\libLib_MCU.a(lpc17xx_clkpwr.o)
                0x00000f4c                CLKPWR_GetPCLKSEL
 .text.CLKPWR_GetPCLK
                0x00000f94       0x64 C:\Users\MarcosRubioJunior\Documents\LPCXpresso_8.2.2_650\workspace\Lib_MCU\Debug\libLib_MCU.a(lpc17xx_clkpwr.o)
                0x00000f94                CLKPWR_GetPCLK
 .text.CLKPWR_ConfigPPWR
                0x00000ff8       0x58 C:\Users\MarcosRubioJunior\Documents\LPCXpresso_8.2.2_650\workspace\Lib_MCU\Debug\libLib_MCU.a(lpc17xx_clkpwr.o)
                0x00000ff8                CLKPWR_ConfigPPWR
 .text.GPIO_GetPointer
                0x00001050       0x70 C:\Users\MarcosRubioJunior\Documents\LPCXpresso_8.2.2_650\workspace\Lib_MCU\Debug\libLib_MCU.a(lpc17xx_gpio.o)
 .text.GPIO_SetDir
                0x000010c0       0x4c C:\Users\MarcosRubioJunior\Documents\LPCXpresso_8.2.2_650\workspace\Lib_MCU\Debug\libLib_MCU.a(lpc17xx_gpio.o)
                0x000010c0                GPIO_SetDir
 .text.GPIO_SetValue
                0x0000110c       0x2c C:\Users\MarcosRubioJunior\Documents\LPCXpresso_8.2.2_650\workspace\Lib_MCU\Debug\libLib_MCU.a(lpc17xx_gpio.o)
                0x0000110c                GPIO_SetValue
 .text.GPIO_ClearValue
                0x00001138       0x2c C:\Users\MarcosRubioJunior\Documents\LPCXpresso_8.2.2_650\workspace\Lib_MCU\Debug\libLib_MCU.a(lpc17xx_gpio.o)
                0x00001138                GPIO_ClearValue
 .text.GPIO_ReadValue
                0x00001164       0x2c C:\Users\MarcosRubioJunior\Documents\LPCXpresso_8.2.2_650\workspace\Lib_MCU\Debug\libLib_MCU.a(lpc17xx_gpio.o)
                0x00001164                GPIO_ReadValue
 .text.I2C_SetClock
                0x00001190       0xa4 C:\Users\MarcosRubioJunior\Documents\LPCXpresso_8.2.2_650\workspace\Lib_MCU\Debug\libLib_MCU.a(lpc17xx_i2c.o)
                0x00001190                I2C_SetClock
 .text.I2C_Init
                0x00001234       0xa4 C:\Users\MarcosRubioJunior\Documents\LPCXpresso_8.2.2_650\workspace\Lib_MCU\Debug\libLib_MCU.a(lpc17xx_i2c.o)
                0x00001234                I2C_Init
 .text.I2C_Cmd  0x000012d8       0x70 C:\Users\MarcosRubioJunior\Documents\LPCXpresso_8.2.2_650\workspace\Lib_MCU\Debug\libLib_MCU.a(lpc17xx_i2c.o)
                0x000012d8                I2C_Cmd
 .text.PINSEL_SetPinFunc
                0x00001348       0x84 C:\Users\MarcosRubioJunior\Documents\LPCXpresso_8.2.2_650\workspace\Lib_MCU\Debug\libLib_MCU.a(lpc17xx_pinsel.o)
                0x00001348                PINSEL_SetPinFunc
 .text.PINSEL_SetResistorMode
                0x000013cc       0x84 C:\Users\MarcosRubioJunior\Documents\LPCXpresso_8.2.2_650\workspace\Lib_MCU\Debug\libLib_MCU.a(lpc17xx_pinsel.o)
                0x000013cc                PINSEL_SetResistorMode
 .text.PINSEL_SetOpenDrainMode
                0x00001450       0x6c C:\Users\MarcosRubioJunior\Documents\LPCXpresso_8.2.2_650\workspace\Lib_MCU\Debug\libLib_MCU.a(lpc17xx_pinsel.o)
                0x00001450                PINSEL_SetOpenDrainMode
 .text.PINSEL_ConfigPin
                0x000014bc       0x48 C:\Users\MarcosRubioJunior\Documents\LPCXpresso_8.2.2_650\workspace\Lib_MCU\Debug\libLib_MCU.a(lpc17xx_pinsel.o)
                0x000014bc                PINSEL_ConfigPin
 .text.SSP_getNum
                0x00001504       0x38 C:\Users\MarcosRubioJunior\Documents\LPCXpresso_8.2.2_650\workspace\Lib_MCU\Debug\libLib_MCU.a(lpc17xx_ssp.o)
 .text.SSP_IntHandler
                0x0000153c      0x2cc C:\Users\MarcosRubioJunior\Documents\LPCXpresso_8.2.2_650\workspace\Lib_MCU\Debug\libLib_MCU.a(lpc17xx_ssp.o)
                0x0000153c                SSP_IntHandler
 .text.SSP_SetClock
                0x00001808       0xc4 C:\Users\MarcosRubioJunior\Documents\LPCXpresso_8.2.2_650\workspace\Lib_MCU\Debug\libLib_MCU.a(lpc17xx_ssp.o)
                0x00001808                SSP_SetClock
 .text.SSP_Init
                0x000018cc       0xd8 C:\Users\MarcosRubioJunior\Documents\LPCXpresso_8.2.2_650\workspace\Lib_MCU\Debug\libLib_MCU.a(lpc17xx_ssp.o)
                0x000018cc                SSP_Init
 .text.SSP_ConfigStructInit
                0x000019a4       0x3c C:\Users\MarcosRubioJunior\Documents\LPCXpresso_8.2.2_650\workspace\Lib_MCU\Debug\libLib_MCU.a(lpc17xx_ssp.o)
                0x000019a4                SSP_ConfigStructInit
 .text.SSP_Cmd  0x000019e0       0x70 C:\Users\MarcosRubioJunior\Documents\LPCXpresso_8.2.2_650\workspace\Lib_MCU\Debug\libLib_MCU.a(lpc17xx_ssp.o)
                0x000019e0                SSP_Cmd
 .text.SSP_SendData
                0x00001a50       0x40 C:\Users\MarcosRubioJunior\Documents\LPCXpresso_8.2.2_650\workspace\Lib_MCU\Debug\libLib_MCU.a(lpc17xx_ssp.o)
                0x00001a50                SSP_SendData
 .text.SSP_ReceiveData
                0x00001a90       0x3c C:\Users\MarcosRubioJunior\Documents\LPCXpresso_8.2.2_650\workspace\Lib_MCU\Debug\libLib_MCU.a(lpc17xx_ssp.o)
                0x00001a90                SSP_ReceiveData
 .text.SSP_ReadWrite
                0x00001acc      0x3c0 C:\Users\MarcosRubioJunior\Documents\LPCXpresso_8.2.2_650\workspace\Lib_MCU\Debug\libLib_MCU.a(lpc17xx_ssp.o)
                0x00001acc                SSP_ReadWrite
 .text.SystemInit
                0x00001e8c      0x140 C:\Users\MarcosRubioJunior\Documents\LPCXpresso_8.2.2_650\workspace\Lib_CMSISv1p30_LPC17xx\Debug\libCMSISv1p30_LPC17xx.a(system_LPC17xx.o)
                0x00001e8c                SystemInit
 .text.memset   0x00001fcc       0x9c c:/nxp/lpcxpresso_8.2.2_650/lpcxpresso/tools/bin/../lib/gcc/arm-none-eabi/5.4.1/../../../../arm-none-eabi/lib/armv7-m\libc.a(lib_a-memset.o)
                0x00001fcc                memset
 *(.rodata .rodata.* .constdata .constdata.*)
 .rodata        0x00002068       0x31 ./src/main.o
 *fill*         0x00002099        0x3 ff
 .rodata        0x0000209c        0x8 C:\Users\MarcosRubioJunior\Documents\LPCXpresso_8.2.2_650\workspace\Lib_EaBaseBoard\Debug\libLib_EaBaseBoard.a(oled.o)
 .rodata        0x000020a4      0x300 C:\Users\MarcosRubioJunior\Documents\LPCXpresso_8.2.2_650\workspace\Lib_EaBaseBoard\Debug\libLib_EaBaseBoard.a(font5x7.o)
                0x000020a4                font5x7
 .rodata        0x000023a4       0x15 C:\Users\MarcosRubioJunior\Documents\LPCXpresso_8.2.2_650\workspace\Lib_MCU\Debug\libLib_MCU.a(lpc17xx_adc.o)
 *fill*         0x000023b9        0x3 ff
 .rodata        0x000023bc       0x15 C:\Users\MarcosRubioJunior\Documents\LPCXpresso_8.2.2_650\workspace\Lib_MCU\Debug\libLib_MCU.a(lpc17xx_i2c.o)
 *fill*         0x000023d1        0x3 ff
 .rodata        0x000023d4       0x15 C:\Users\MarcosRubioJunior\Documents\LPCXpresso_8.2.2_650\workspace\Lib_MCU\Debug\libLib_MCU.a(lpc17xx_ssp.o)
                0x000023ec                . = ALIGN (0x4)
 *fill*         0x000023e9        0x3 ff

.glue_7         0x000023ec        0x0
 .glue_7        0x000023ec        0x0 linker stubs

.glue_7t        0x000023ec        0x0
 .glue_7t       0x000023ec        0x0 linker stubs

.vfp11_veneer   0x000023ec        0x0
 .vfp11_veneer  0x000023ec        0x0 linker stubs

.v4_bx          0x000023ec        0x0
 .v4_bx         0x000023ec        0x0 linker stubs

.iplt           0x000023ec        0x0
 .iplt          0x000023ec        0x0 ./src/Sensor.o

.rel.dyn        0x000023ec        0x0
 .rel.iplt      0x000023ec        0x0 ./src/Sensor.o

.ARM.extab
 *(.ARM.extab* .gnu.linkonce.armextab.*)
                0x000023ec                __exidx_start = .

.ARM.exidx
 *(.ARM.exidx* .gnu.linkonce.armexidx.*)
                0x000023ec                __exidx_end = .
                0x000023ec                _etext = .

.data_RAM2      0x2007c000        0x0 load address 0x000023ec
 FILL mask 0xff
                [!provide]                PROVIDE (__start_data_RAM2, .)
 *(.ramfunc.$RAM2)
 *(.ramfunc.$RamAHB32)
 *(.data.$RAM2*)
 *(.data.$RamAHB32*)
                0x2007c000                . = ALIGN (0x4)
                [!provide]                PROVIDE (__end_data_RAM2, .)

.uninit_RESERVED
                0x10000000        0x0
 *(.bss.$RESERVED*)
                0x10000000                . = ALIGN (0x4)
                0x10000000                _end_uninit_RESERVED = .

.data           0x10000000        0x8 load address 0x000023ec
 FILL mask 0xff
                0x10000000                _data = .
 *(vtable)
 *(.ramfunc*)
 *(.data*)
 .data          0x10000000        0x4 ./src/main.o
 .data          0x10000004        0x4 C:\Users\MarcosRubioJunior\Documents\LPCXpresso_8.2.2_650\workspace\Lib_CMSISv1p30_LPC17xx\Debug\libCMSISv1p30_LPC17xx.a(system_LPC17xx.o)
                0x10000004                SystemCoreClock
                0x10000008                . = ALIGN (0x4)
                0x10000008                _edata = .

.igot.plt       0x10000008        0x0 load address 0x000023f4
 .igot.plt      0x10000008        0x0 ./src/Sensor.o

.bss_RAM2       0x2007c000        0x0
                [!provide]                PROVIDE (__start_bss_RAM2, .)
 *(.bss.$RAM2*)
 *(.bss.$RamAHB32*)
                0x2007c000                . = ALIGN ((. != 0x0)?0x4:0x1)
                [!provide]                PROVIDE (__end_bss_RAM2, .)

.bss            0x10000008      0x334
                0x10000008                _bss = .
 *(.bss*)
 .bss           0x10000008       0x10 ./src/main.o
 .bss           0x10000018      0x300 C:\Users\MarcosRubioJunior\Documents\LPCXpresso_8.2.2_650\workspace\Lib_EaBaseBoard\Debug\libLib_EaBaseBoard.a(oled.o)
 .bss           0x10000318        0x4 C:\Users\MarcosRubioJunior\Documents\LPCXpresso_8.2.2_650\workspace\Lib_EaBaseBoard\Debug\libLib_EaBaseBoard.a(temp.o)
 .bss           0x1000031c       0x18 C:\Users\MarcosRubioJunior\Documents\LPCXpresso_8.2.2_650\workspace\Lib_MCU\Debug\libLib_MCU.a(lpc17xx_ssp.o)
 *(COMMON)
 COMMON         0x10000334        0x8 ./src/Sensor.o
                0x10000334                ClassHandler
                0x1000033c                . = ALIGN (0x4)
                0x1000033c                _ebss = .
                [!provide]                PROVIDE (end, .)

.noinit_RAM2    0x2007c000        0x0
 *(.noinit.$RAM2*)
 *(.noinit.$RamAHB32*)
                0x2007c000                . = ALIGN (0x4)

.noinit         0x1000033c        0x0
                0x1000033c                _noinit = .
 *(.noinit*)
                0x1000033c                . = ALIGN (0x4)
                0x1000033c                _end_noinit = .
                [!provide]                PROVIDE (_pvHeapStart, DEFINED (__user_heap_base)?__user_heap_base:.)
                0x10008000                PROVIDE (_vStackTop, DEFINED (__user_stack_top)?__user_stack_top:(__top_RamLoc32 - 0x0))
                [!provide]                PROVIDE (__valid_user_code_checksum, (0x0 - ((((((_vStackTop + (ResetISR + 0x1)) + (NMI_Handler + 0x1)) + (HardFault_Handler + 0x1)) + (DEFINED (MemManage_Handler)?MemManage_Handler:0x0 + 0x1)) + (DEFINED (BusFault_Handler)?BusFault_Handler:0x0 + 0x1)) + (DEFINED (UsageFault_Handler)?UsageFault_Handler:0x0 + 0x1))))
OUTPUT(projeto_Edielson.axf elf32-littlearm)

.debug_info     0x00000000     0x4c2d
 .debug_info    0x00000000      0x66a ./src/Sensor.o
 .debug_info    0x0000066a      0x1b6 ./src/cr_startup_lpc17.o
 .debug_info    0x00000820      0x7f7 ./src/main.o
 .debug_info    0x00001017      0x915 C:\Users\MarcosRubioJunior\Documents\LPCXpresso_8.2.2_650\workspace\Lib_EaBaseBoard\Debug\libLib_EaBaseBoard.a(oled.o)
 .debug_info    0x0000192c      0x13e C:\Users\MarcosRubioJunior\Documents\LPCXpresso_8.2.2_650\workspace\Lib_EaBaseBoard\Debug\libLib_EaBaseBoard.a(temp.o)
 .debug_info    0x00001a6a       0x61 C:\Users\MarcosRubioJunior\Documents\LPCXpresso_8.2.2_650\workspace\Lib_EaBaseBoard\Debug\libLib_EaBaseBoard.a(font5x7.o)
 .debug_info    0x00001acb      0x5da C:\Users\MarcosRubioJunior\Documents\LPCXpresso_8.2.2_650\workspace\Lib_MCU\Debug\libLib_MCU.a(lpc17xx_adc.o)
 .debug_info    0x000020a5      0x5a5 C:\Users\MarcosRubioJunior\Documents\LPCXpresso_8.2.2_650\workspace\Lib_MCU\Debug\libLib_MCU.a(lpc17xx_clkpwr.o)
 .debug_info    0x0000264a      0xac9 C:\Users\MarcosRubioJunior\Documents\LPCXpresso_8.2.2_650\workspace\Lib_MCU\Debug\libLib_MCU.a(lpc17xx_gpio.o)
 .debug_info    0x00003113      0xc08 C:\Users\MarcosRubioJunior\Documents\LPCXpresso_8.2.2_650\workspace\Lib_MCU\Debug\libLib_MCU.a(lpc17xx_i2c.o)
 .debug_info    0x00003d1b      0x44e C:\Users\MarcosRubioJunior\Documents\LPCXpresso_8.2.2_650\workspace\Lib_MCU\Debug\libLib_MCU.a(lpc17xx_pinsel.o)
 .debug_info    0x00004169      0x7e1 C:\Users\MarcosRubioJunior\Documents\LPCXpresso_8.2.2_650\workspace\Lib_MCU\Debug\libLib_MCU.a(lpc17xx_ssp.o)
 .debug_info    0x0000494a      0x2e3 C:\Users\MarcosRubioJunior\Documents\LPCXpresso_8.2.2_650\workspace\Lib_CMSISv1p30_LPC17xx\Debug\libCMSISv1p30_LPC17xx.a(system_LPC17xx.o)

.debug_abbrev   0x00000000     0x1347
 .debug_abbrev  0x00000000      0x1ce ./src/Sensor.o
 .debug_abbrev  0x000001ce       0xb9 ./src/cr_startup_lpc17.o
 .debug_abbrev  0x00000287      0x261 ./src/main.o
 .debug_abbrev  0x000004e8      0x201 C:\Users\MarcosRubioJunior\Documents\LPCXpresso_8.2.2_650\workspace\Lib_EaBaseBoard\Debug\libLib_EaBaseBoard.a(oled.o)
 .debug_abbrev  0x000006e9       0xc7 C:\Users\MarcosRubioJunior\Documents\LPCXpresso_8.2.2_650\workspace\Lib_EaBaseBoard\Debug\libLib_EaBaseBoard.a(temp.o)
 .debug_abbrev  0x000007b0       0x48 C:\Users\MarcosRubioJunior\Documents\LPCXpresso_8.2.2_650\workspace\Lib_EaBaseBoard\Debug\libLib_EaBaseBoard.a(font5x7.o)
 .debug_abbrev  0x000007f8      0x165 C:\Users\MarcosRubioJunior\Documents\LPCXpresso_8.2.2_650\workspace\Lib_MCU\Debug\libLib_MCU.a(lpc17xx_adc.o)
 .debug_abbrev  0x0000095d      0x1be C:\Users\MarcosRubioJunior\Documents\LPCXpresso_8.2.2_650\workspace\Lib_MCU\Debug\libLib_MCU.a(lpc17xx_clkpwr.o)
 .debug_abbrev  0x00000b1b      0x193 C:\Users\MarcosRubioJunior\Documents\LPCXpresso_8.2.2_650\workspace\Lib_MCU\Debug\libLib_MCU.a(lpc17xx_gpio.o)
 .debug_abbrev  0x00000cae      0x28b C:\Users\MarcosRubioJunior\Documents\LPCXpresso_8.2.2_650\workspace\Lib_MCU\Debug\libLib_MCU.a(lpc17xx_i2c.o)
 .debug_abbrev  0x00000f39      0x12b C:\Users\MarcosRubioJunior\Documents\LPCXpresso_8.2.2_650\workspace\Lib_MCU\Debug\libLib_MCU.a(lpc17xx_pinsel.o)
 .debug_abbrev  0x00001064      0x1fd C:\Users\MarcosRubioJunior\Documents\LPCXpresso_8.2.2_650\workspace\Lib_MCU\Debug\libLib_MCU.a(lpc17xx_ssp.o)
 .debug_abbrev  0x00001261       0xe6 C:\Users\MarcosRubioJunior\Documents\LPCXpresso_8.2.2_650\workspace\Lib_CMSISv1p30_LPC17xx\Debug\libCMSISv1p30_LPC17xx.a(system_LPC17xx.o)

.debug_aranges  0x00000000      0x580
 .debug_aranges
                0x00000000       0x48 ./src/Sensor.o
 .debug_aranges
                0x00000048       0x70 ./src/cr_startup_lpc17.o
 .debug_aranges
                0x000000b8       0x58 ./src/main.o
 .debug_aranges
                0x00000110       0x90 C:\Users\MarcosRubioJunior\Documents\LPCXpresso_8.2.2_650\workspace\Lib_EaBaseBoard\Debug\libLib_EaBaseBoard.a(oled.o)
 .debug_aranges
                0x000001a0       0x28 C:\Users\MarcosRubioJunior\Documents\LPCXpresso_8.2.2_650\workspace\Lib_EaBaseBoard\Debug\libLib_EaBaseBoard.a(temp.o)
 .debug_aranges
                0x000001c8       0x18 C:\Users\MarcosRubioJunior\Documents\LPCXpresso_8.2.2_650\workspace\Lib_EaBaseBoard\Debug\libLib_EaBaseBoard.a(font5x7.o)
 .debug_aranges
                0x000001e0       0x80 C:\Users\MarcosRubioJunior\Documents\LPCXpresso_8.2.2_650\workspace\Lib_MCU\Debug\libLib_MCU.a(lpc17xx_adc.o)
 .debug_aranges
                0x00000260       0x60 C:\Users\MarcosRubioJunior\Documents\LPCXpresso_8.2.2_650\workspace\Lib_MCU\Debug\libLib_MCU.a(lpc17xx_clkpwr.o)
 .debug_aranges
                0x000002c0       0xc8 C:\Users\MarcosRubioJunior\Documents\LPCXpresso_8.2.2_650\workspace\Lib_MCU\Debug\libLib_MCU.a(lpc17xx_gpio.o)
 .debug_aranges
                0x00000388       0xd0 C:\Users\MarcosRubioJunior\Documents\LPCXpresso_8.2.2_650\workspace\Lib_MCU\Debug\libLib_MCU.a(lpc17xx_i2c.o)
 .debug_aranges
                0x00000458       0x48 C:\Users\MarcosRubioJunior\Documents\LPCXpresso_8.2.2_650\workspace\Lib_MCU\Debug\libLib_MCU.a(lpc17xx_pinsel.o)
 .debug_aranges
                0x000004a0       0xb8 C:\Users\MarcosRubioJunior\Documents\LPCXpresso_8.2.2_650\workspace\Lib_MCU\Debug\libLib_MCU.a(lpc17xx_ssp.o)
 .debug_aranges
                0x00000558       0x28 C:\Users\MarcosRubioJunior\Documents\LPCXpresso_8.2.2_650\workspace\Lib_CMSISv1p30_LPC17xx\Debug\libCMSISv1p30_LPC17xx.a(system_LPC17xx.o)

.debug_ranges   0x00000000      0x4a8
 .debug_ranges  0x00000000       0x38 ./src/Sensor.o
 .debug_ranges  0x00000038       0x60 ./src/cr_startup_lpc17.o
 .debug_ranges  0x00000098       0x48 ./src/main.o
 .debug_ranges  0x000000e0       0x80 C:\Users\MarcosRubioJunior\Documents\LPCXpresso_8.2.2_650\workspace\Lib_EaBaseBoard\Debug\libLib_EaBaseBoard.a(oled.o)
 .debug_ranges  0x00000160       0x18 C:\Users\MarcosRubioJunior\Documents\LPCXpresso_8.2.2_650\workspace\Lib_EaBaseBoard\Debug\libLib_EaBaseBoard.a(temp.o)
 .debug_ranges  0x00000178       0x70 C:\Users\MarcosRubioJunior\Documents\LPCXpresso_8.2.2_650\workspace\Lib_MCU\Debug\libLib_MCU.a(lpc17xx_adc.o)
 .debug_ranges  0x000001e8       0x50 C:\Users\MarcosRubioJunior\Documents\LPCXpresso_8.2.2_650\workspace\Lib_MCU\Debug\libLib_MCU.a(lpc17xx_clkpwr.o)
 .debug_ranges  0x00000238       0xb8 C:\Users\MarcosRubioJunior\Documents\LPCXpresso_8.2.2_650\workspace\Lib_MCU\Debug\libLib_MCU.a(lpc17xx_gpio.o)
 .debug_ranges  0x000002f0       0xc0 C:\Users\MarcosRubioJunior\Documents\LPCXpresso_8.2.2_650\workspace\Lib_MCU\Debug\libLib_MCU.a(lpc17xx_i2c.o)
 .debug_ranges  0x000003b0       0x38 C:\Users\MarcosRubioJunior\Documents\LPCXpresso_8.2.2_650\workspace\Lib_MCU\Debug\libLib_MCU.a(lpc17xx_pinsel.o)
 .debug_ranges  0x000003e8       0xa8 C:\Users\MarcosRubioJunior\Documents\LPCXpresso_8.2.2_650\workspace\Lib_MCU\Debug\libLib_MCU.a(lpc17xx_ssp.o)
 .debug_ranges  0x00000490       0x18 C:\Users\MarcosRubioJunior\Documents\LPCXpresso_8.2.2_650\workspace\Lib_CMSISv1p30_LPC17xx\Debug\libCMSISv1p30_LPC17xx.a(system_LPC17xx.o)

.debug_macro    0x00000000     0x533c
 .debug_macro   0x00000000       0xc5 ./src/Sensor.o
 .debug_macro   0x000000c5      0x886 ./src/Sensor.o
 .debug_macro   0x0000094b       0x1c ./src/Sensor.o
 .debug_macro   0x00000967       0x22 ./src/Sensor.o
 .debug_macro   0x00000989       0x22 ./src/Sensor.o
 .debug_macro   0x000009ab       0x87 ./src/Sensor.o
 .debug_macro   0x00000a32       0x44 ./src/Sensor.o
 .debug_macro   0x00000a76       0xfd ./src/Sensor.o
 .debug_macro   0x00000b73       0x5e ./src/Sensor.o
 .debug_macro   0x00000bd1      0x1df ./src/Sensor.o
 .debug_macro   0x00000db0      0x7b7 ./src/Sensor.o
 .debug_macro   0x00001567      0x2c7 ./src/Sensor.o
 .debug_macro   0x0000182e       0x63 ./src/Sensor.o
 .debug_macro   0x00001891      0x143 ./src/Sensor.o
 .debug_macro   0x000019d4      0x192 ./src/Sensor.o
 .debug_macro   0x00001b66       0x46 ./src/Sensor.o
 .debug_macro   0x00001bac       0xf4 ./src/Sensor.o
 .debug_macro   0x00001ca0       0xe9 ./src/Sensor.o
 .debug_macro   0x00001d89       0x79 ./src/cr_startup_lpc17.o
 .debug_macro   0x00001e02       0xd9 ./src/main.o
 .debug_macro   0x00001edb      0x2a9 ./src/main.o
 .debug_macro   0x00002184       0x1c ./src/main.o
 .debug_macro   0x000021a0       0x16 ./src/main.o
 .debug_macro   0x000021b6      0x149 ./src/main.o
 .debug_macro   0x000022ff       0xdd C:\Users\MarcosRubioJunior\Documents\LPCXpresso_8.2.2_650\workspace\Lib_EaBaseBoard\Debug\libLib_EaBaseBoard.a(oled.o)
 .debug_macro   0x000023dc      0x880 C:\Users\MarcosRubioJunior\Documents\LPCXpresso_8.2.2_650\workspace\Lib_EaBaseBoard\Debug\libLib_EaBaseBoard.a(oled.o)
 .debug_macro   0x00002c5c       0x10 C:\Users\MarcosRubioJunior\Documents\LPCXpresso_8.2.2_650\workspace\Lib_EaBaseBoard\Debug\libLib_EaBaseBoard.a(oled.o)
 .debug_macro   0x00002c6c      0x12d C:\Users\MarcosRubioJunior\Documents\LPCXpresso_8.2.2_650\workspace\Lib_EaBaseBoard\Debug\libLib_EaBaseBoard.a(oled.o)
 .debug_macro   0x00002d99      0x5b2 C:\Users\MarcosRubioJunior\Documents\LPCXpresso_8.2.2_650\workspace\Lib_EaBaseBoard\Debug\libLib_EaBaseBoard.a(oled.o)
 .debug_macro   0x0000334b       0x5d C:\Users\MarcosRubioJunior\Documents\LPCXpresso_8.2.2_650\workspace\Lib_EaBaseBoard\Debug\libLib_EaBaseBoard.a(oled.o)
 .debug_macro   0x000033a8       0x40 C:\Users\MarcosRubioJunior\Documents\LPCXpresso_8.2.2_650\workspace\Lib_EaBaseBoard\Debug\libLib_EaBaseBoard.a(oled.o)
 .debug_macro   0x000033e8      0x2af C:\Users\MarcosRubioJunior\Documents\LPCXpresso_8.2.2_650\workspace\Lib_EaBaseBoard\Debug\libLib_EaBaseBoard.a(oled.o)
 .debug_macro   0x00003697       0xae C:\Users\MarcosRubioJunior\Documents\LPCXpresso_8.2.2_650\workspace\Lib_EaBaseBoard\Debug\libLib_EaBaseBoard.a(temp.o)
 .debug_macro   0x00003745       0x1a C:\Users\MarcosRubioJunior\Documents\LPCXpresso_8.2.2_650\workspace\Lib_EaBaseBoard\Debug\libLib_EaBaseBoard.a(font5x7.o)
 .debug_macro   0x0000375f      0x696 C:\Users\MarcosRubioJunior\Documents\LPCXpresso_8.2.2_650\workspace\Lib_EaBaseBoard\Debug\libLib_EaBaseBoard.a(font5x7.o)
 .debug_macro   0x00003df5       0x8c C:\Users\MarcosRubioJunior\Documents\LPCXpresso_8.2.2_650\workspace\Lib_MCU\Debug\libLib_MCU.a(lpc17xx_adc.o)
 .debug_macro   0x00003e81       0xee C:\Users\MarcosRubioJunior\Documents\LPCXpresso_8.2.2_650\workspace\Lib_MCU\Debug\libLib_MCU.a(lpc17xx_adc.o)
 .debug_macro   0x00003f6f      0x2fe C:\Users\MarcosRubioJunior\Documents\LPCXpresso_8.2.2_650\workspace\Lib_MCU\Debug\libLib_MCU.a(lpc17xx_adc.o)
 .debug_macro   0x0000426d       0xcb C:\Users\MarcosRubioJunior\Documents\LPCXpresso_8.2.2_650\workspace\Lib_MCU\Debug\libLib_MCU.a(lpc17xx_adc.o)
 .debug_macro   0x00004338       0x7a C:\Users\MarcosRubioJunior\Documents\LPCXpresso_8.2.2_650\workspace\Lib_MCU\Debug\libLib_MCU.a(lpc17xx_clkpwr.o)
 .debug_macro   0x000043b2      0x2f8 C:\Users\MarcosRubioJunior\Documents\LPCXpresso_8.2.2_650\workspace\Lib_MCU\Debug\libLib_MCU.a(lpc17xx_clkpwr.o)
 .debug_macro   0x000046aa       0x83 C:\Users\MarcosRubioJunior\Documents\LPCXpresso_8.2.2_650\workspace\Lib_MCU\Debug\libLib_MCU.a(lpc17xx_gpio.o)
 .debug_macro   0x0000472d       0x95 C:\Users\MarcosRubioJunior\Documents\LPCXpresso_8.2.2_650\workspace\Lib_MCU\Debug\libLib_MCU.a(lpc17xx_i2c.o)
 .debug_macro   0x000047c2      0x18c C:\Users\MarcosRubioJunior\Documents\LPCXpresso_8.2.2_650\workspace\Lib_MCU\Debug\libLib_MCU.a(lpc17xx_i2c.o)
 .debug_macro   0x0000494e       0x7a C:\Users\MarcosRubioJunior\Documents\LPCXpresso_8.2.2_650\workspace\Lib_MCU\Debug\libLib_MCU.a(lpc17xx_pinsel.o)
 .debug_macro   0x000049c8       0x8c C:\Users\MarcosRubioJunior\Documents\LPCXpresso_8.2.2_650\workspace\Lib_MCU\Debug\libLib_MCU.a(lpc17xx_ssp.o)
 .debug_macro   0x00004a54      0x113 C:\Users\MarcosRubioJunior\Documents\LPCXpresso_8.2.2_650\workspace\Lib_CMSISv1p30_LPC17xx\Debug\libCMSISv1p30_LPC17xx.a(system_LPC17xx.o)
 .debug_macro   0x00004b67      0x7d5 C:\Users\MarcosRubioJunior\Documents\LPCXpresso_8.2.2_650\workspace\Lib_CMSISv1p30_LPC17xx\Debug\libCMSISv1p30_LPC17xx.a(system_LPC17xx.o)

.debug_line     0x00000000     0x3103
 .debug_line    0x00000000      0x391 ./src/Sensor.o
 .debug_line    0x00000391      0x334 ./src/cr_startup_lpc17.o
 .debug_line    0x000006c5      0x48a ./src/main.o
 .debug_line    0x00000b4f      0x5a5 C:\Users\MarcosRubioJunior\Documents\LPCXpresso_8.2.2_650\workspace\Lib_EaBaseBoard\Debug\libLib_EaBaseBoard.a(oled.o)
 .debug_line    0x000010f4      0x29f C:\Users\MarcosRubioJunior\Documents\LPCXpresso_8.2.2_650\workspace\Lib_EaBaseBoard\Debug\libLib_EaBaseBoard.a(temp.o)
 .debug_line    0x00001393       0x99 C:\Users\MarcosRubioJunior\Documents\LPCXpresso_8.2.2_650\workspace\Lib_EaBaseBoard\Debug\libLib_EaBaseBoard.a(font5x7.o)
 .debug_line    0x0000142c      0x415 C:\Users\MarcosRubioJunior\Documents\LPCXpresso_8.2.2_650\workspace\Lib_MCU\Debug\libLib_MCU.a(lpc17xx_adc.o)
 .debug_line    0x00001841      0x2e2 C:\Users\MarcosRubioJunior\Documents\LPCXpresso_8.2.2_650\workspace\Lib_MCU\Debug\libLib_MCU.a(lpc17xx_clkpwr.o)
 .debug_line    0x00001b23      0x427 C:\Users\MarcosRubioJunior\Documents\LPCXpresso_8.2.2_650\workspace\Lib_MCU\Debug\libLib_MCU.a(lpc17xx_gpio.o)
 .debug_line    0x00001f4a      0x6fc C:\Users\MarcosRubioJunior\Documents\LPCXpresso_8.2.2_650\workspace\Lib_MCU\Debug\libLib_MCU.a(lpc17xx_i2c.o)
 .debug_line    0x00002646      0x281 C:\Users\MarcosRubioJunior\Documents\LPCXpresso_8.2.2_650\workspace\Lib_MCU\Debug\libLib_MCU.a(lpc17xx_pinsel.o)
 .debug_line    0x000028c7      0x62d C:\Users\MarcosRubioJunior\Documents\LPCXpresso_8.2.2_650\workspace\Lib_MCU\Debug\libLib_MCU.a(lpc17xx_ssp.o)
 .debug_line    0x00002ef4      0x20f C:\Users\MarcosRubioJunior\Documents\LPCXpresso_8.2.2_650\workspace\Lib_CMSISv1p30_LPC17xx\Debug\libCMSISv1p30_LPC17xx.a(system_LPC17xx.o)

.debug_str      0x00000000     0xfa52
 .debug_str     0x00000000     0x9697 ./src/Sensor.o
                               0x981b (size before relaxing)
 .debug_str     0x00009697      0x13a ./src/cr_startup_lpc17.o
                               0x34dd (size before relaxing)
 .debug_str     0x000097d1     0x1222 ./src/main.o
                               0x9644 (size before relaxing)
 .debug_str     0x0000a9f3     0x1b00 C:\Users\MarcosRubioJunior\Documents\LPCXpresso_8.2.2_650\workspace\Lib_EaBaseBoard\Debug\libLib_EaBaseBoard.a(oled.o)
                               0x9c7d (size before relaxing)
 .debug_str     0x0000c4f3       0xe4 C:\Users\MarcosRubioJunior\Documents\LPCXpresso_8.2.2_650\workspace\Lib_EaBaseBoard\Debug\libLib_EaBaseBoard.a(temp.o)
                               0x80b8 (size before relaxing)
 .debug_str     0x0000c5d7      0xe21 C:\Users\MarcosRubioJunior\Documents\LPCXpresso_8.2.2_650\workspace\Lib_EaBaseBoard\Debug\libLib_EaBaseBoard.a(font5x7.o)
                               0x32de (size before relaxing)
 .debug_str     0x0000d3f8     0x1661 C:\Users\MarcosRubioJunior\Documents\LPCXpresso_8.2.2_650\workspace\Lib_MCU\Debug\libLib_MCU.a(lpc17xx_adc.o)
                               0x9bc3 (size before relaxing)
 .debug_str     0x0000ea59      0x1ca C:\Users\MarcosRubioJunior\Documents\LPCXpresso_8.2.2_650\workspace\Lib_MCU\Debug\libLib_MCU.a(lpc17xx_clkpwr.o)
                               0x91f5 (size before relaxing)
 .debug_str     0x0000ec23      0x33e C:\Users\MarcosRubioJunior\Documents\LPCXpresso_8.2.2_650\workspace\Lib_MCU\Debug\libLib_MCU.a(lpc17xx_gpio.o)
                               0x8454 (size before relaxing)
 .debug_str     0x0000ef61      0x39c C:\Users\MarcosRubioJunior\Documents\LPCXpresso_8.2.2_650\workspace\Lib_MCU\Debug\libLib_MCU.a(lpc17xx_i2c.o)
                               0xa4d7 (size before relaxing)
 .debug_str     0x0000f2fd      0x214 C:\Users\MarcosRubioJunior\Documents\LPCXpresso_8.2.2_650\workspace\Lib_MCU\Debug\libLib_MCU.a(lpc17xx_pinsel.o)
                               0x8498 (size before relaxing)
 .debug_str     0x0000f511      0x200 C:\Users\MarcosRubioJunior\Documents\LPCXpresso_8.2.2_650\workspace\Lib_MCU\Debug\libLib_MCU.a(lpc17xx_ssp.o)
                               0xa444 (size before relaxing)
 .debug_str     0x0000f711      0x341 C:\Users\MarcosRubioJunior\Documents\LPCXpresso_8.2.2_650\workspace\Lib_CMSISv1p30_LPC17xx\Debug\libCMSISv1p30_LPC17xx.a(system_LPC17xx.o)
                               0x8001 (size before relaxing)

.comment        0x00000000       0x6e
 .comment       0x00000000       0x6e ./src/Sensor.o
                                 0x6f (size before relaxing)
 .comment       0x0000006e       0x6f ./src/cr_startup_lpc17.o
 .comment       0x0000006e       0x6f ./src/main.o
 .comment       0x0000006e       0x6f C:\Users\MarcosRubioJunior\Documents\LPCXpresso_8.2.2_650\workspace\Lib_EaBaseBoard\Debug\libLib_EaBaseBoard.a(oled.o)
 .comment       0x0000006e       0x6f C:\Users\MarcosRubioJunior\Documents\LPCXpresso_8.2.2_650\workspace\Lib_EaBaseBoard\Debug\libLib_EaBaseBoard.a(temp.o)
 .comment       0x0000006e       0x6f C:\Users\MarcosRubioJunior\Documents\LPCXpresso_8.2.2_650\workspace\Lib_EaBaseBoard\Debug\libLib_EaBaseBoard.a(font5x7.o)
 .comment       0x0000006e       0x6f C:\Users\MarcosRubioJunior\Documents\LPCXpresso_8.2.2_650\workspace\Lib_MCU\Debug\libLib_MCU.a(lpc17xx_adc.o)
 .comment       0x0000006e       0x6f C:\Users\MarcosRubioJunior\Documents\LPCXpresso_8.2.2_650\workspace\Lib_MCU\Debug\libLib_MCU.a(lpc17xx_clkpwr.o)
 .comment       0x0000006e       0x6f C:\Users\MarcosRubioJunior\Documents\LPCXpresso_8.2.2_650\workspace\Lib_MCU\Debug\libLib_MCU.a(lpc17xx_gpio.o)
 .comment       0x0000006e       0x6f C:\Users\MarcosRubioJunior\Documents\LPCXpresso_8.2.2_650\workspace\Lib_MCU\Debug\libLib_MCU.a(lpc17xx_i2c.o)
 .comment       0x0000006e       0x6f C:\Users\MarcosRubioJunior\Documents\LPCXpresso_8.2.2_650\workspace\Lib_MCU\Debug\libLib_MCU.a(lpc17xx_pinsel.o)
 .comment       0x0000006e       0x6f C:\Users\MarcosRubioJunior\Documents\LPCXpresso_8.2.2_650\workspace\Lib_MCU\Debug\libLib_MCU.a(lpc17xx_ssp.o)
 .comment       0x0000006e       0x6f C:\Users\MarcosRubioJunior\Documents\LPCXpresso_8.2.2_650\workspace\Lib_CMSISv1p30_LPC17xx\Debug\libCMSISv1p30_LPC17xx.a(system_LPC17xx.o)

.ARM.attributes
                0x00000000       0x33
 .ARM.attributes
                0x00000000       0x33 ./src/Sensor.o
 .ARM.attributes
                0x00000033       0x33 ./src/cr_startup_lpc17.o
 .ARM.attributes
                0x00000066       0x33 ./src/main.o
 .ARM.attributes
                0x00000099       0x33 C:\Users\MarcosRubioJunior\Documents\LPCXpresso_8.2.2_650\workspace\Lib_EaBaseBoard\Debug\libLib_EaBaseBoard.a(oled.o)
 .ARM.attributes
                0x000000cc       0x33 C:\Users\MarcosRubioJunior\Documents\LPCXpresso_8.2.2_650\workspace\Lib_EaBaseBoard\Debug\libLib_EaBaseBoard.a(temp.o)
 .ARM.attributes
                0x000000ff       0x33 C:\Users\MarcosRubioJunior\Documents\LPCXpresso_8.2.2_650\workspace\Lib_EaBaseBoard\Debug\libLib_EaBaseBoard.a(font5x7.o)
 .ARM.attributes
                0x00000132       0x33 C:\Users\MarcosRubioJunior\Documents\LPCXpresso_8.2.2_650\workspace\Lib_MCU\Debug\libLib_MCU.a(lpc17xx_adc.o)
 .ARM.attributes
                0x00000165       0x33 C:\Users\MarcosRubioJunior\Documents\LPCXpresso_8.2.2_650\workspace\Lib_MCU\Debug\libLib_MCU.a(lpc17xx_clkpwr.o)
 .ARM.attributes
                0x00000198       0x33 C:\Users\MarcosRubioJunior\Documents\LPCXpresso_8.2.2_650\workspace\Lib_MCU\Debug\libLib_MCU.a(lpc17xx_gpio.o)
 .ARM.attributes
                0x000001cb       0x33 C:\Users\MarcosRubioJunior\Documents\LPCXpresso_8.2.2_650\workspace\Lib_MCU\Debug\libLib_MCU.a(lpc17xx_i2c.o)
 .ARM.attributes
                0x000001fe       0x33 C:\Users\MarcosRubioJunior\Documents\LPCXpresso_8.2.2_650\workspace\Lib_MCU\Debug\libLib_MCU.a(lpc17xx_pinsel.o)
 .ARM.attributes
                0x00000231       0x33 C:\Users\MarcosRubioJunior\Documents\LPCXpresso_8.2.2_650\workspace\Lib_MCU\Debug\libLib_MCU.a(lpc17xx_ssp.o)
 .ARM.attributes
                0x00000264       0x33 C:\Users\MarcosRubioJunior\Documents\LPCXpresso_8.2.2_650\workspace\Lib_CMSISv1p30_LPC17xx\Debug\libCMSISv1p30_LPC17xx.a(system_LPC17xx.o)
 .ARM.attributes
                0x00000297       0x2d c:/nxp/lpcxpresso_8.2.2_650/lpcxpresso/tools/bin/../lib/gcc/arm-none-eabi/5.4.1/../../../../arm-none-eabi/lib/armv7-m\libc.a(lib_a-memset.o)

.debug_frame    0x00000000     0x13f0
 .debug_frame   0x00000000       0xd4 ./src/Sensor.o
 .debug_frame   0x000000d4      0x120 ./src/cr_startup_lpc17.o
 .debug_frame   0x000001f4      0x128 ./src/main.o
 .debug_frame   0x0000031c      0x244 C:\Users\MarcosRubioJunior\Documents\LPCXpresso_8.2.2_650\workspace\Lib_EaBaseBoard\Debug\libLib_EaBaseBoard.a(oled.o)
 .debug_frame   0x00000560       0x58 C:\Users\MarcosRubioJunior\Documents\LPCXpresso_8.2.2_650\workspace\Lib_EaBaseBoard\Debug\libLib_EaBaseBoard.a(temp.o)
 .debug_frame   0x000005b8      0x1e8 C:\Users\MarcosRubioJunior\Documents\LPCXpresso_8.2.2_650\workspace\Lib_MCU\Debug\libLib_MCU.a(lpc17xx_adc.o)
 .debug_frame   0x000007a0      0x13c C:\Users\MarcosRubioJunior\Documents\LPCXpresso_8.2.2_650\workspace\Lib_MCU\Debug\libLib_MCU.a(lpc17xx_clkpwr.o)
 .debug_frame   0x000008dc      0x344 C:\Users\MarcosRubioJunior\Documents\LPCXpresso_8.2.2_650\workspace\Lib_MCU\Debug\libLib_MCU.a(lpc17xx_gpio.o)
 .debug_frame   0x00000c20      0x35c C:\Users\MarcosRubioJunior\Documents\LPCXpresso_8.2.2_650\workspace\Lib_MCU\Debug\libLib_MCU.a(lpc17xx_i2c.o)
 .debug_frame   0x00000f7c       0xfc C:\Users\MarcosRubioJunior\Documents\LPCXpresso_8.2.2_650\workspace\Lib_MCU\Debug\libLib_MCU.a(lpc17xx_pinsel.o)
 .debug_frame   0x00001078      0x2e0 C:\Users\MarcosRubioJunior\Documents\LPCXpresso_8.2.2_650\workspace\Lib_MCU\Debug\libLib_MCU.a(lpc17xx_ssp.o)
 .debug_frame   0x00001358       0x64 C:\Users\MarcosRubioJunior\Documents\LPCXpresso_8.2.2_650\workspace\Lib_CMSISv1p30_LPC17xx\Debug\libCMSISv1p30_LPC17xx.a(system_LPC17xx.o)
 .debug_frame   0x000013bc       0x34 c:/nxp/lpcxpresso_8.2.2_650/lpcxpresso/tools/bin/../lib/gcc/arm-none-eabi/5.4.1/../../../../arm-none-eabi/lib/armv7-m\libc.a(lib_a-memset.o)
